Archive member included to satisfy reference by file (symbol)

c:/st/stm32cubeide_1.0.1/stm32cubeide/plugins/com.st.stm32cube.ide.mcu.externaltools.gnu-tools-for-stm32.7-2018-q2-update.win32_1.0.0.201904181610/tools/bin/../lib/gcc/arm-none-eabi/7.3.1/../../../../arm-none-eabi/lib/thumb/v6-m\libc_nano.a(lib_a-errno.o)
                              Core/Src/syscalls.o (__errno)
c:/st/stm32cubeide_1.0.1/stm32cubeide/plugins/com.st.stm32cube.ide.mcu.externaltools.gnu-tools-for-stm32.7-2018-q2-update.win32_1.0.0.201904181610/tools/bin/../lib/gcc/arm-none-eabi/7.3.1/../../../../arm-none-eabi/lib/thumb/v6-m\libc_nano.a(lib_a-exit.o)
                              c:/st/stm32cubeide_1.0.1/stm32cubeide/plugins/com.st.stm32cube.ide.mcu.externaltools.gnu-tools-for-stm32.7-2018-q2-update.win32_1.0.0.201904181610/tools/bin/../lib/gcc/arm-none-eabi/7.3.1/../../../../arm-none-eabi/lib/thumb/v6-m/crt0.o (exit)
c:/st/stm32cubeide_1.0.1/stm32cubeide/plugins/com.st.stm32cube.ide.mcu.externaltools.gnu-tools-for-stm32.7-2018-q2-update.win32_1.0.0.201904181610/tools/bin/../lib/gcc/arm-none-eabi/7.3.1/../../../../arm-none-eabi/lib/thumb/v6-m\libc_nano.a(lib_a-impure.o)
                              c:/st/stm32cubeide_1.0.1/stm32cubeide/plugins/com.st.stm32cube.ide.mcu.externaltools.gnu-tools-for-stm32.7-2018-q2-update.win32_1.0.0.201904181610/tools/bin/../lib/gcc/arm-none-eabi/7.3.1/../../../../arm-none-eabi/lib/thumb/v6-m\libc_nano.a(lib_a-exit.o) (_global_impure_ptr)
c:/st/stm32cubeide_1.0.1/stm32cubeide/plugins/com.st.stm32cube.ide.mcu.externaltools.gnu-tools-for-stm32.7-2018-q2-update.win32_1.0.0.201904181610/tools/bin/../lib/gcc/arm-none-eabi/7.3.1/../../../../arm-none-eabi/lib/thumb/v6-m\libc_nano.a(lib_a-init.o)
                              c:/st/stm32cubeide_1.0.1/stm32cubeide/plugins/com.st.stm32cube.ide.mcu.externaltools.gnu-tools-for-stm32.7-2018-q2-update.win32_1.0.0.201904181610/tools/bin/../lib/gcc/arm-none-eabi/7.3.1/../../../../arm-none-eabi/lib/thumb/v6-m/crt0.o (__libc_init_array)
c:/st/stm32cubeide_1.0.1/stm32cubeide/plugins/com.st.stm32cube.ide.mcu.externaltools.gnu-tools-for-stm32.7-2018-q2-update.win32_1.0.0.201904181610/tools/bin/../lib/gcc/arm-none-eabi/7.3.1/../../../../arm-none-eabi/lib/thumb/v6-m\libc_nano.a(lib_a-memcpy-stub.o)
                              Drivers/STM32F0xx_HAL_Driver/Src/stm32f0xx_hal_rcc.o (memcpy)
c:/st/stm32cubeide_1.0.1/stm32cubeide/plugins/com.st.stm32cube.ide.mcu.externaltools.gnu-tools-for-stm32.7-2018-q2-update.win32_1.0.0.201904181610/tools/bin/../lib/gcc/arm-none-eabi/7.3.1/../../../../arm-none-eabi/lib/thumb/v6-m\libc_nano.a(lib_a-memset.o)
                              c:/st/stm32cubeide_1.0.1/stm32cubeide/plugins/com.st.stm32cube.ide.mcu.externaltools.gnu-tools-for-stm32.7-2018-q2-update.win32_1.0.0.201904181610/tools/bin/../lib/gcc/arm-none-eabi/7.3.1/../../../../arm-none-eabi/lib/thumb/v6-m/crt0.o (memset)
c:/st/stm32cubeide_1.0.1/stm32cubeide/plugins/com.st.stm32cube.ide.mcu.externaltools.gnu-tools-for-stm32.7-2018-q2-update.win32_1.0.0.201904181610/tools/bin/../lib/gcc/arm-none-eabi/7.3.1/thumb/v6-m\libgcc.a(_thumb1_case_uqi.o)
                              Drivers/BSP/Components/ST25DV/st25dv.o (__gnu_thumb1_case_uqi)
c:/st/stm32cubeide_1.0.1/stm32cubeide/plugins/com.st.stm32cube.ide.mcu.externaltools.gnu-tools-for-stm32.7-2018-q2-update.win32_1.0.0.201904181610/tools/bin/../lib/gcc/arm-none-eabi/7.3.1/thumb/v6-m\libgcc.a(_udivsi3.o)
                              Core/Src/system_stm32f0xx.o (__aeabi_uidiv)
c:/st/stm32cubeide_1.0.1/stm32cubeide/plugins/com.st.stm32cube.ide.mcu.externaltools.gnu-tools-for-stm32.7-2018-q2-update.win32_1.0.0.201904181610/tools/bin/../lib/gcc/arm-none-eabi/7.3.1/thumb/v6-m\libgcc.a(_divsi3.o)
                              Core/Src/system_stm32f0xx.o (__aeabi_idiv)
c:/st/stm32cubeide_1.0.1/stm32cubeide/plugins/com.st.stm32cube.ide.mcu.externaltools.gnu-tools-for-stm32.7-2018-q2-update.win32_1.0.0.201904181610/tools/bin/../lib/gcc/arm-none-eabi/7.3.1/thumb/v6-m\libgcc.a(_dvmd_tls.o)
                              c:/st/stm32cubeide_1.0.1/stm32cubeide/plugins/com.st.stm32cube.ide.mcu.externaltools.gnu-tools-for-stm32.7-2018-q2-update.win32_1.0.0.201904181610/tools/bin/../lib/gcc/arm-none-eabi/7.3.1/thumb/v6-m\libgcc.a(_udivsi3.o) (__aeabi_idiv0)
c:/st/stm32cubeide_1.0.1/stm32cubeide/plugins/com.st.stm32cube.ide.mcu.externaltools.gnu-tools-for-stm32.7-2018-q2-update.win32_1.0.0.201904181610/tools/bin/../lib/gcc/arm-none-eabi/7.3.1/thumb/v6-m\libgcc.a(_lshrdi3.o)
                              Drivers/STM32F0xx_HAL_Driver/Src/stm32f0xx_hal_flash.o (__aeabi_llsr)

Allocating common symbols
Common symbol       size              file

uid                 0xc               Core/Src/main.o
pass                0x8               Core/Src/main.o
hi2c1               0x4c              Core/Src/custom_bus.o
hiwdg               0x10              Core/Src/main.o
[...]
Memory Configuration

Name             Origin             Length             Attributes
RAM              0x0000000020000000 0x0000000000001800 xrw
FLASH            0x0000000008000000 0x0000000000008000 xr
*default*        0x0000000000000000 0xffffffffffffffff

Linker script and memory map

LOAD c:/st/stm32cubeide_1.0.1/stm32cubeide/plugins/com.st.stm32cube.ide.mcu.externaltools.gnu-tools-for-stm32.7-2018-q2-update.win32_1.0.0.201904181610/tools/bin/../lib/gcc/arm-none-eabi/7.3.1/thumb/v6-m/crti.o
LOAD c:/st/stm32cubeide_1.0.1/stm32cubeide/plugins/com.st.stm32cube.ide.mcu.externaltools.gnu-tools-for-stm32.7-2018-q2-update.win32_1.0.0.201904181610/tools/bin/../lib/gcc/arm-none-eabi/7.3.1/thumb/v6-m/crtbegin.o
LOAD c:/st/stm32cubeide_1.0.1/stm32cubeide/plugins/com.st.stm32cube.ide.mcu.externaltools.gnu-tools-for-stm32.7-2018-q2-update.win32_1.0.0.201904181610/tools/bin/../lib/gcc/arm-none-eabi/7.3.1/../../../../arm-none-eabi/lib/thumb/v6-m/crt0.o
LOAD Core/Src/custom_bus.o
LOAD Core/Src/main.o
LOAD Core/Src/stm32f0xx_hal_msp.o
LOAD Core/Src/stm32f0xx_it.o
LOAD Core/Src/syscalls.o
LOAD Core/Src/sysmem.o
LOAD Core/Src/system_stm32f0xx.o
LOAD Core/Startup/startup_stm32f070f6px.o
LOAD Drivers/BSP/Components/ST25DV/st25dv.o
LOAD Drivers/BSP/Components/ST25DV/st25dv_reg.o
LOAD Drivers/STM32F0xx_HAL_Driver/Src/stm32f0xx_hal.o
LOAD Drivers/STM32F0xx_HAL_Driver/Src/stm32f0xx_hal_cortex.o
LOAD Drivers/STM32F0xx_HAL_Driver/Src/stm32f0xx_hal_dma.o
LOAD Drivers/STM32F0xx_HAL_Driver/Src/stm32f0xx_hal_exti.o
LOAD Drivers/STM32F0xx_HAL_Driver/Src/stm32f0xx_hal_flash.o
LOAD Drivers/STM32F0xx_HAL_Driver/Src/stm32f0xx_hal_flash_ex.o
LOAD Drivers/STM32F0xx_HAL_Driver/Src/stm32f0xx_hal_gpio.o
LOAD Drivers/STM32F0xx_HAL_Driver/Src/stm32f0xx_hal_i2c.o
LOAD Drivers/STM32F0xx_HAL_Driver/Src/stm32f0xx_hal_i2c_ex.o
LOAD Drivers/STM32F0xx_HAL_Driver/Src/stm32f0xx_hal_iwdg.o
LOAD Drivers/STM32F0xx_HAL_Driver/Src/stm32f0xx_hal_pwr.o
LOAD Drivers/STM32F0xx_HAL_Driver/Src/stm32f0xx_hal_pwr_ex.o
LOAD Drivers/STM32F0xx_HAL_Driver/Src/stm32f0xx_hal_rcc.o
LOAD Drivers/STM32F0xx_HAL_Driver/Src/stm32f0xx_hal_rcc_ex.o
LOAD Drivers/STM32F0xx_HAL_Driver/Src/stm32f0xx_hal_tim.o
LOAD Drivers/STM32F0xx_HAL_Driver/Src/stm32f0xx_hal_tim_ex.o
LOAD NFC/custom_nfc04a1.o
LOAD NFC/custom_nfc04a1_nfctag.o
START GROUP
LOAD c:/st/stm32cubeide_1.0.1/stm32cubeide/plugins/com.st.stm32cube.ide.mcu.externaltools.gnu-tools-for-stm32.7-2018-q2-update.win32_1.0.0.201904181610/tools/bin/../lib/gcc/arm-none-eabi/7.3.1/../../../../arm-none-eabi/lib/thumb/v6-m\libc_nano.a
LOAD c:/st/stm32cubeide_1.0.1/stm32cubeide/plugins/com.st.stm32cube.ide.mcu.externaltools.gnu-tools-for-stm32.7-2018-q2-update.win32_1.0.0.201904181610/tools/bin/../lib/gcc/arm-none-eabi/7.3.1/../../../../arm-none-eabi/lib/thumb/v6-m\libm.a
END GROUP
START GROUP
LOAD c:/st/stm32cubeide_1.0.1/stm32cubeide/plugins/com.st.stm32cube.ide.mcu.externaltools.gnu-tools-for-stm32.7-2018-q2-update.win32_1.0.0.201904181610/tools/bin/../lib/gcc/arm-none-eabi/7.3.1/thumb/v6-m\libgcc.a
LOAD c:/st/stm32cubeide_1.0.1/stm32cubeide/plugins/com.st.stm32cube.ide.mcu.externaltools.gnu-tools-for-stm32.7-2018-q2-update.win32_1.0.0.201904181610/tools/bin/../lib/gcc/arm-none-eabi/7.3.1/../../../../arm-none-eabi/lib/thumb/v6-m\libc_nano.a
END GROUP
START GROUP
LOAD c:/st/stm32cubeide_1.0.1/stm32cubeide/plugins/com.st.stm32cube.ide.mcu.externaltools.gnu-tools-for-stm32.7-2018-q2-update.win32_1.0.0.201904181610/tools/bin/../lib/gcc/arm-none-eabi/7.3.1/thumb/v6-m\libgcc.a
LOAD c:/st/stm32cubeide_1.0.1/stm32cubeide/plugins/com.st.stm32cube.ide.mcu.externaltools.gnu-tools-for-stm32.7-2018-q2-update.win32_1.0.0.201904181610/tools/bin/../lib/gcc/arm-none-eabi/7.3.1/../../../../arm-none-eabi/lib/thumb/v6-m\libc_nano.a
LOAD c:/st/stm32cubeide_1.0.1/stm32cubeide/plugins/com.st.stm32cube.ide.mcu.externaltools.gnu-tools-for-stm32.7-2018-q2-update.win32_1.0.0.201904181610/tools/bin/../lib/gcc/arm-none-eabi/7.3.1/../../../../arm-none-eabi/lib/thumb/v6-m\libnosys.a
END GROUP
START GROUP
LOAD c:/st/stm32cubeide_1.0.1/stm32cubeide/plugins/com.st.stm32cube.ide.mcu.externaltools.gnu-tools-for-stm32.7-2018-q2-update.win32_1.0.0.201904181610/tools/bin/../lib/gcc/arm-none-eabi/7.3.1/thumb/v6-m\libgcc.a
LOAD c:/st/stm32cubeide_1.0.1/stm32cubeide/plugins/com.st.stm32cube.ide.mcu.externaltools.gnu-tools-for-stm32.7-2018-q2-update.win32_1.0.0.201904181610/tools/bin/../lib/gcc/arm-none-eabi/7.3.1/../../../../arm-none-eabi/lib/thumb/v6-m\libc_nano.a
LOAD c:/st/stm32cubeide_1.0.1/stm32cubeide/plugins/com.st.stm32cube.ide.mcu.externaltools.gnu-tools-for-stm32.7-2018-q2-update.win32_1.0.0.201904181610/tools/bin/../lib/gcc/arm-none-eabi/7.3.1/../../../../arm-none-eabi/lib/thumb/v6-m\libnosys.a
END GROUP
LOAD c:/st/stm32cubeide_1.0.1/stm32cubeide/plugins/com.st.stm32cube.ide.mcu.externaltools.gnu-tools-for-stm32.7-2018-q2-update.win32_1.0.0.201904181610/tools/bin/../lib/gcc/arm-none-eabi/7.3.1/thumb/v6-m/crtend.o
LOAD c:/st/stm32cubeide_1.0.1/stm32cubeide/plugins/com.st.stm32cube.ide.mcu.externaltools.gnu-tools-for-stm32.7-2018-q2-update.win32_1.0.0.201904181610/tools/bin/../lib/gcc/arm-none-eabi/7.3.1/thumb/v6-m/crtn.o
                0x0000000020001800                _estack = (ORIGIN (RAM) + LENGTH (RAM))
                0x0000000000000200                _Min_Heap_Size = 0x200
                0x0000000000000400                _Min_Stack_Size = 0x400

.isr_vector     0x0000000008000000       0xc0
                0x0000000008000000                . = ALIGN (0x4)
 *(.isr_vector)
 .isr_vector    0x0000000008000000       0xc0 Core/Startup/startup_stm32f070f6px.o
                0x0000000008000000                g_pfnVectors
                0x00000000080000c0                . = ALIGN (0x4)

.text           0x00000000080000c0     0x2f8c
                0x00000000080000c0                . = ALIGN (0x4)
 *(.text)
 .text          0x00000000080000c0       0x48 c:/st/stm32cubeide_1.0.1/stm32cubeide/plugins/com.st.stm32cube.ide.mcu.externaltools.gnu-tools-for-stm32.7-2018-q2-update.win32_1.0.0.201904181610/tools/bin/../lib/gcc/arm-none-eabi/7.3.1/thumb/v6-m/crtbegin.o
 .text          0x0000000008000108      0x114 c:/st/stm32cubeide_1.0.1/stm32cubeide/plugins/com.st.stm32cube.ide.mcu.externaltools.gnu-tools-for-stm32.7-2018-q2-update.win32_1.0.0.201904181610/tools/bin/../lib/gcc/arm-none-eabi/7.3.1/thumb/v6-m\libgcc.a(_udivsi3.o)
                0x0000000008000108                __aeabi_uidiv
                0x0000000008000108                __udivsi3
                0x0000000008000214                __aeabi_uidivmod
 .text          0x000000000800021c        0x4 c:/st/stm32cubeide_1.0.1/stm32cubeide/plugins/com.st.stm32cube.ide.mcu.externaltools.gnu-tools-for-stm32.7-2018-q2-update.win32_1.0.0.201904181610/tools/bin/../lib/gcc/arm-none-eabi/7.3.1/thumb/v6-m\libgcc.a(_dvmd_tls.o)
                0x000000000800021c                __aeabi_idiv0
                0x000000000800021c                __aeabi_ldiv0
 .text          0x0000000008000220       0x18 c:/st/stm32cubeide_1.0.1/stm32cubeide/plugins/com.st.stm32cube.ide.mcu.externaltools.gnu-tools-for-stm32.7-2018-q2-update.win32_1.0.0.201904181610/tools/bin/../lib/gcc/arm-none-eabi/7.3.1/thumb/v6-m\libgcc.a(_lshrdi3.o)
                0x0000000008000220                __lshrdi3
                0x0000000008000220                __aeabi_llsr
 *(.text*)
 .text.BSP_I2C1_DeInit
                0x0000000008000238       0x58 Core/Src/custom_bus.o
                0x0000000008000238                BSP_I2C1_DeInit
 .text.BSP_I2C1_IsReady
                0x0000000008000290       0x20 Core/Src/custom_bus.o
                0x0000000008000290                BSP_I2C1_IsReady
 .text.BSP_I2C1_WriteReg16
                0x00000000080002b0       0x3c Core/Src/custom_bus.o
                0x00000000080002b0                BSP_I2C1_WriteReg16
 .text.BSP_I2C1_ReadReg16
                0x00000000080002ec       0x3c Core/Src/custom_bus.o
                0x00000000080002ec                BSP_I2C1_ReadReg16
 .text.MX_I2C1_Init
                0x0000000008000328       0x50 Core/Src/custom_bus.o
                0x0000000008000328                MX_I2C1_Init
 .text.BSP_I2C1_Init
                0x0000000008000378       0xb4 Core/Src/custom_bus.o
                0x0000000008000378                BSP_I2C1_Init
 .text.main     0x000000000800042c       0xec Core/Src/main.o
                0x000000000800042c                main
 .text.NFCTAG_Init
                0x0000000008000518       0x6c Core/Src/main.o
                0x0000000008000518                NFCTAG_Init
 .text.Flash_write32
                0x0000000008000584       0x54 Core/Src/main.o
                0x0000000008000584                Flash_write32
 .text.Flash_write64
                0x00000000080005d8       0x50 Core/Src/main.o
                0x00000000080005d8                Flash_write64
 .text.Flash_Erase
                0x0000000008000628       0x64 Core/Src/main.o
                0x0000000008000628                Flash_Erase
 .text.Flash_Read32
                0x000000000800068c       0x14 Core/Src/main.o
                0x000000000800068c                Flash_Read32
 .text.Flash_Read64
                0x00000000080006a0       0x18 Core/Src/main.o
                0x00000000080006a0                Flash_Read64
 .text.CRC16    0x00000000080006b8       0x84 Core/Src/main.o
                0x00000000080006b8                CRC16
 .text.Make32   0x000000000800073c       0x58 Core/Src/main.o
                0x000000000800073c                Make32
 .text.Make64   0x0000000008000794       0xfa Core/Src/main.o
                0x0000000008000794                Make64
 *fill*         0x000000000800088e        0x2 
 .text.NewAdmin
                0x0000000008000890       0xa8 Core/Src/main.o
                0x0000000008000890                NewAdmin
 .text.AdminLogin
                0x0000000008000938       0xc0 Core/Src/main.o
                0x0000000008000938                AdminLogin
 .text.SoftReset
                0x00000000080009f8       0xf0 Core/Src/main.o
                0x00000000080009f8                SoftReset
 .text.NewKey   0x0000000008000ae8       0xf0 Core/Src/main.o
                0x0000000008000ae8                NewKey
 .text.DeleteKey
                0x0000000008000bd8       0xe8 Core/Src/main.o
                0x0000000008000bd8                DeleteKey
 .text.OpenDoor
                0x0000000008000cc0       0xb0 Core/Src/main.o
                0x0000000008000cc0                OpenDoor
 .text.Response
                0x0000000008000d70       0x90 Core/Src/main.o
                0x0000000008000d70                Response
 .text.Door_Log
                0x0000000008000e00      0x100 Core/Src/main.o
                0x0000000008000e00                Door_Log
 .text.Admin_Log
                0x0000000008000f00      0x128 Core/Src/main.o
                0x0000000008000f00                Admin_Log
 .text.Reset_Memory
                0x0000000008001028       0xec Core/Src/main.o
                0x0000000008001028                Reset_Memory
 .text.GetUID   0x0000000008001114       0xc0 Core/Src/main.o
                0x0000000008001114                GetUID
 .text.Read_Data
                0x00000000080011d4       0x78 Core/Src/main.o
                0x00000000080011d4                Read_Data
 .text.Write_Data
                0x000000000800124c       0x84 Core/Src/main.o
                0x000000000800124c                Write_Data
 .text.SystemClock_Config
                0x00000000080012d0       0xca Core/Src/main.o
                0x00000000080012d0                SystemClock_Config
 *fill*         0x000000000800139a        0x2 
 .text.MX_IWDG_Init
                0x000000000800139c       0x40 Core/Src/main.o
 .text.MX_GPIO_Init
                0x00000000080013dc       0xe0 Core/Src/main.o
 .text.Error_Handler
                0x00000000080014bc        0xa Core/Src/main.o
                0x00000000080014bc                Error_Handler
 *fill*         0x00000000080014c6        0x2 
 .text.HAL_MspInit
                0x00000000080014c8       0x30 Core/Src/stm32f0xx_hal_msp.o
                0x00000000080014c8                HAL_MspInit
 .text.NMI_Handler
                0x00000000080014f8        0x2 Core/Src/stm32f0xx_it.o
                0x00000000080014f8                NMI_Handler
 .text.HardFault_Handler
                0x00000000080014fa        0x2 Core/Src/stm32f0xx_it.o
                0x00000000080014fa                HardFault_Handler
 .text.SVC_Handler
                0x00000000080014fc        0x2 Core/Src/stm32f0xx_it.o
                0x00000000080014fc                SVC_Handler
 .text.PendSV_Handler
                0x00000000080014fe        0x2 Core/Src/stm32f0xx_it.o
                0x00000000080014fe                PendSV_Handler
 .text.SysTick_Handler
                0x0000000008001500        0x8 Core/Src/stm32f0xx_it.o
                0x0000000008001500                SysTick_Handler
 .text.EXTI0_1_IRQHandler
                0x0000000008001508       0x44 Core/Src/stm32f0xx_it.o
                0x0000000008001508                EXTI0_1_IRQHandler
 .text.SystemInit
                0x000000000800154c        0x2 Core/Src/system_stm32f0xx.o
                0x000000000800154c                SystemInit
 *fill*         0x000000000800154e        0x2 
 .text.Reset_Handler
                0x0000000008001550       0x80 Core/Startup/startup_stm32f070f6px.o
                0x0000000008001550                Reset_Handler
 .text.Default_Handler
                0x00000000080015d0        0x2 Core/Startup/startup_stm32f070f6px.o
                0x00000000080015d0                TIM1_CC_IRQHandler
                0x00000000080015d0                I2C1_IRQHandler
                0x00000000080015d0                SPI1_IRQHandler
                0x00000000080015d0                EXTI2_3_IRQHandler
                0x00000000080015d0                ADC1_IRQHandler
                0x00000000080015d0                TIM17_IRQHandler
                0x00000000080015d0                RTC_IRQHandler
                0x00000000080015d0                TIM16_IRQHandler
                0x00000000080015d0                TIM3_IRQHandler
                0x00000000080015d0                EXTI4_15_IRQHandler
                0x00000000080015d0                RCC_IRQHandler
                0x00000000080015d0                DMA1_Channel1_IRQHandler
                0x00000000080015d0                Default_Handler
                0x00000000080015d0                TIM14_IRQHandler
                0x00000000080015d0                DMA1_Channel4_5_IRQHandler
                0x00000000080015d0                USB_IRQHandler
                0x00000000080015d0                WWDG_IRQHandler
                0x00000000080015d0                DMA1_Channel2_3_IRQHandler
                0x00000000080015d0                USART2_IRQHandler
                0x00000000080015d0                FLASH_IRQHandler
                0x00000000080015d0                USART1_IRQHandler
                0x00000000080015d0                TIM1_BRK_UP_TRG_COM_IRQHandler
 .text.ST25DV_IsDeviceReady
                0x00000000080015d2        0xa Drivers/BSP/Components/ST25DV/st25dv.o
                0x00000000080015d2                ST25DV_IsDeviceReady
 .text.ST25DV_ReadData
                0x00000000080015dc       0x10 Drivers/BSP/Components/ST25DV/st25dv.o
                0x00000000080015dc                ST25DV_ReadData
 .text.ST25DV_WriteData
                0x00000000080015ec       0x80 Drivers/BSP/Components/ST25DV/st25dv.o
                0x00000000080015ec                ST25DV_WriteData
 .text.ST25DV_ReadID
                0x000000000800166c        0xa Drivers/BSP/Components/ST25DV/st25dv.o
                0x000000000800166c                ST25DV_ReadID
 .text.ST25DV_Init
                0x0000000008001676       0x2c Drivers/BSP/Components/ST25DV/st25dv.o
                0x0000000008001676                ST25DV_Init
 .text.ST25DV_GetGPOStatus
                0x00000000080016a2       0x1a Drivers/BSP/Components/ST25DV/st25dv.o
                0x00000000080016a2                ST25DV_GetGPOStatus
 .text.ST25DV_ConfigureGPO
                0x00000000080016bc       0x12 Drivers/BSP/Components/ST25DV/st25dv.o
                0x00000000080016bc                ST25DV_ConfigureGPO
 .text.ReadRegWrap
                0x00000000080016ce       0x12 Drivers/BSP/Components/ST25DV/st25dv.o
 .text.WriteRegWrap
                0x00000000080016e0       0x4a Drivers/BSP/Components/ST25DV/st25dv.o
 *fill*         0x000000000800172a        0x2 
 .text.ST25DV_RegisterBusIO
                0x000000000800172c       0x44 Drivers/BSP/Components/ST25DV/st25dv.o
                0x000000000800172c                ST25DV_RegisterBusIO
 .text.ST25DV_WriteRegister
                0x0000000008001770       0x82 Drivers/BSP/Components/ST25DV/st25dv.o
                0x0000000008001770                ST25DV_WriteRegister
 .text.ST25DV_PresentI2CPassword
                0x00000000080017f2       0x52 Drivers/BSP/Components/ST25DV/st25dv.o
                0x00000000080017f2                ST25DV_PresentI2CPassword
 .text.ST25DV_WriteMBMode
                0x0000000008001844       0x12 Drivers/BSP/Components/ST25DV/st25dv.o
                0x0000000008001844                ST25DV_WriteMBMode
 *fill*         0x0000000008001856        0x2 
 .text.ST25DV_ReadMailboxData
                0x0000000008001858       0x28 Drivers/BSP/Components/ST25DV/st25dv.o
                0x0000000008001858                ST25DV_ReadMailboxData
 .text.ST25DV_WriteMailboxData
                0x0000000008001880       0x24 Drivers/BSP/Components/ST25DV/st25dv.o
                0x0000000008001880                ST25DV_WriteMailboxData
 .text.ST25DV_SetMBEN_Dyn
                0x00000000080018a4       0x12 Drivers/BSP/Components/ST25DV/st25dv.o
                0x00000000080018a4                ST25DV_SetMBEN_Dyn
 .text.ST25DV_ReadReg
                0x00000000080018b6        0xa Drivers/BSP/Components/ST25DV/st25dv_reg.o
                0x00000000080018b6                ST25DV_ReadReg
 .text.ST25DV_WriteReg
                0x00000000080018c0        0xa Drivers/BSP/Components/ST25DV/st25dv_reg.o
                0x00000000080018c0                ST25DV_WriteReg
 .text.ST25DV_GetICREF
                0x00000000080018ca       0x14 Drivers/BSP/Components/ST25DV/st25dv_reg.o
                0x00000000080018ca                ST25DV_GetICREF
 .text.ST25DV_SetMB_MODE_RW
                0x00000000080018de       0x3c Drivers/BSP/Components/ST25DV/st25dv_reg.o
                0x00000000080018de                ST25DV_SetMB_MODE_RW
 *fill*         0x000000000800191a        0x2 
 .text.ST25DV_SetMB_CTRL_DYN_MBEN
                0x000000000800191c       0x40 Drivers/BSP/Components/ST25DV/st25dv_reg.o
                0x000000000800191c                ST25DV_SetMB_CTRL_DYN_MBEN
 .text.ST25DV_GetGPO_ALL
                0x000000000800195c       0x14 Drivers/BSP/Components/ST25DV/st25dv_reg.o
                0x000000000800195c                ST25DV_GetGPO_ALL
 .text.ST25DV_SetGPO_ALL
                0x0000000008001970       0x14 Drivers/BSP/Components/ST25DV/st25dv_reg.o
                0x0000000008001970                ST25DV_SetGPO_ALL
 .text.HAL_InitTick
                0x0000000008001984       0x48 Drivers/STM32F0xx_HAL_Driver/Src/stm32f0xx_hal.o
                0x0000000008001984                HAL_InitTick
 .text.HAL_Init
                0x00000000080019cc       0x20 Drivers/STM32F0xx_HAL_Driver/Src/stm32f0xx_hal.o
                0x00000000080019cc                HAL_Init
 .text.HAL_IncTick
                0x00000000080019ec       0x18 Drivers/STM32F0xx_HAL_Driver/Src/stm32f0xx_hal.o
                0x00000000080019ec                HAL_IncTick
 .text.HAL_GetTick
                0x0000000008001a04        0xc Drivers/STM32F0xx_HAL_Driver/Src/stm32f0xx_hal.o
                0x0000000008001a04                HAL_GetTick
 .text.HAL_Delay
                0x0000000008001a10       0x24 Drivers/STM32F0xx_HAL_Driver/Src/stm32f0xx_hal.o
                0x0000000008001a10                HAL_Delay
 .text.HAL_GetUIDw0
                0x0000000008001a34        0xc Drivers/STM32F0xx_HAL_Driver/Src/stm32f0xx_hal.o
                0x0000000008001a34                HAL_GetUIDw0
 .text.HAL_GetUIDw1
                0x0000000008001a40        0xc Drivers/STM32F0xx_HAL_Driver/Src/stm32f0xx_hal.o
                0x0000000008001a40                HAL_GetUIDw1
 .text.HAL_GetUIDw2
                0x0000000008001a4c        0xc Drivers/STM32F0xx_HAL_Driver/Src/stm32f0xx_hal.o
                0x0000000008001a4c                HAL_GetUIDw2
 .text.HAL_NVIC_SetPriority
                0x0000000008001a58       0x54 Drivers/STM32F0xx_HAL_Driver/Src/stm32f0xx_hal_cortex.o
                0x0000000008001a58                HAL_NVIC_SetPriority
 .text.HAL_NVIC_EnableIRQ
                0x0000000008001aac       0x18 Drivers/STM32F0xx_HAL_Driver/Src/stm32f0xx_hal_cortex.o
                0x0000000008001aac                HAL_NVIC_EnableIRQ
 .text.HAL_SYSTICK_Config
                0x0000000008001ac4       0x34 Drivers/STM32F0xx_HAL_Driver/Src/stm32f0xx_hal_cortex.o
                0x0000000008001ac4                HAL_SYSTICK_Config
 .text.HAL_EXTI_IRQHandler
                0x0000000008001af8       0x24 Drivers/STM32F0xx_HAL_Driver/Src/stm32f0xx_hal_exti.o
                0x0000000008001af8                HAL_EXTI_IRQHandler
 .text.FLASH_SetErrorCode
                0x0000000008001b1c       0x3c Drivers/STM32F0xx_HAL_Driver/Src/stm32f0xx_hal_flash.o
 .text.HAL_FLASH_Unlock
                0x0000000008001b58       0x28 Drivers/STM32F0xx_HAL_Driver/Src/stm32f0xx_hal_flash.o
                0x0000000008001b58                HAL_FLASH_Unlock
 .text.HAL_FLASH_Lock
                0x0000000008001b80       0x14 Drivers/STM32F0xx_HAL_Driver/Src/stm32f0xx_hal_flash.o
                0x0000000008001b80                HAL_FLASH_Lock
 .text.FLASH_WaitForLastOperation
                0x0000000008001b94       0x54 Drivers/STM32F0xx_HAL_Driver/Src/stm32f0xx_hal_flash.o
                0x0000000008001b94                FLASH_WaitForLastOperation
 .text.HAL_FLASH_Program
                0x0000000008001be8       0x84 Drivers/STM32F0xx_HAL_Driver/Src/stm32f0xx_hal_flash.o
                0x0000000008001be8                HAL_FLASH_Program
 .text.FLASH_MassErase
                0x0000000008001c6c       0x24 Drivers/STM32F0xx_HAL_Driver/Src/stm32f0xx_hal_flash_ex.o
 .text.FLASH_PageErase
                0x0000000008001c90       0x24 Drivers/STM32F0xx_HAL_Driver/Src/stm32f0xx_hal_flash_ex.o
                0x0000000008001c90                FLASH_PageErase
 .text.HAL_FLASHEx_Erase
                0x0000000008001cb4       0x94 Drivers/STM32F0xx_HAL_Driver/Src/stm32f0xx_hal_flash_ex.o
                0x0000000008001cb4                HAL_FLASHEx_Erase
 .text.HAL_GPIO_Init
                0x0000000008001d48      0x160 Drivers/STM32F0xx_HAL_Driver/Src/stm32f0xx_hal_gpio.o
                0x0000000008001d48                HAL_GPIO_Init
 .text.HAL_GPIO_DeInit
                0x0000000008001ea8       0xe0 Drivers/STM32F0xx_HAL_Driver/Src/stm32f0xx_hal_gpio.o
                0x0000000008001ea8                HAL_GPIO_DeInit
 .text.HAL_GPIO_WritePin
                0x0000000008001f88        0xc Drivers/STM32F0xx_HAL_Driver/Src/stm32f0xx_hal_gpio.o
                0x0000000008001f88                HAL_GPIO_WritePin
 .text.I2C_Flush_TXDR
                0x0000000008001f94       0x1c Drivers/STM32F0xx_HAL_Driver/Src/stm32f0xx_hal_i2c.o
 .text.I2C_TransferConfig
                0x0000000008001fb0       0x28 Drivers/STM32F0xx_HAL_Driver/Src/stm32f0xx_hal_i2c.o
 .text.I2C_IsAcknowledgeFailed
                0x0000000008001fd8       0x7c Drivers/STM32F0xx_HAL_Driver/Src/stm32f0xx_hal_i2c.o
 .text.I2C_WaitOnSTOPFlagUntilTimeout
                0x0000000008002054       0x50 Drivers/STM32F0xx_HAL_Driver/Src/stm32f0xx_hal_i2c.o
 .text.I2C_WaitOnFlagUntilTimeout
                0x00000000080020a4       0x50 Drivers/STM32F0xx_HAL_Driver/Src/stm32f0xx_hal_i2c.o
 .text.I2C_WaitOnTXISFlagUntilTimeout
                0x00000000080020f4       0x54 Drivers/STM32F0xx_HAL_Driver/Src/stm32f0xx_hal_i2c.o
 .text.I2C_RequestMemoryWrite
                0x0000000008002148       0x64 Drivers/STM32F0xx_HAL_Driver/Src/stm32f0xx_hal_i2c.o
 .text.I2C_RequestMemoryRead
                0x00000000080021ac       0x64 Drivers/STM32F0xx_HAL_Driver/Src/stm32f0xx_hal_i2c.o
 .text.HAL_I2C_MspInit
                0x0000000008002210        0x2 Drivers/STM32F0xx_HAL_Driver/Src/stm32f0xx_hal_i2c.o
                0x0000000008002210                HAL_I2C_MspInit
 *fill*         0x0000000008002212        0x2 
 .text.HAL_I2C_Init
                0x0000000008002214       0xac Drivers/STM32F0xx_HAL_Driver/Src/stm32f0xx_hal_i2c.o
                0x0000000008002214                HAL_I2C_Init
 .text.HAL_I2C_MspDeInit
                0x00000000080022c0        0x2 Drivers/STM32F0xx_HAL_Driver/Src/stm32f0xx_hal_i2c.o
                0x00000000080022c0                HAL_I2C_MspDeInit
 .text.HAL_I2C_DeInit
                0x00000000080022c2       0x34 Drivers/STM32F0xx_HAL_Driver/Src/stm32f0xx_hal_i2c.o
                0x00000000080022c2                HAL_I2C_DeInit
 *fill*         0x00000000080022f6        0x2 
 .text.HAL_I2C_Mem_Write
                0x00000000080022f8      0x16c Drivers/STM32F0xx_HAL_Driver/Src/stm32f0xx_hal_i2c.o
                0x00000000080022f8                HAL_I2C_Mem_Write
 .text.HAL_I2C_Mem_Read
                0x0000000008002464      0x17c Drivers/STM32F0xx_HAL_Driver/Src/stm32f0xx_hal_i2c.o
                0x0000000008002464                HAL_I2C_Mem_Read
 .text.HAL_I2C_IsDeviceReady
                0x00000000080025e0      0x124 Drivers/STM32F0xx_HAL_Driver/Src/stm32f0xx_hal_i2c.o
                0x00000000080025e0                HAL_I2C_IsDeviceReady
 .text.HAL_I2C_GetState
                0x0000000008002704        0x8 Drivers/STM32F0xx_HAL_Driver/Src/stm32f0xx_hal_i2c.o
                0x0000000008002704                HAL_I2C_GetState
 .text.HAL_I2C_GetError
                0x000000000800270c        0x4 Drivers/STM32F0xx_HAL_Driver/Src/stm32f0xx_hal_i2c.o
                0x000000000800270c                HAL_I2C_GetError
 .text.HAL_I2CEx_ConfigAnalogFilter
                0x0000000008002710       0x4c Drivers/STM32F0xx_HAL_Driver/Src/stm32f0xx_hal_i2c_ex.o
                0x0000000008002710                HAL_I2CEx_ConfigAnalogFilter
 .text.HAL_I2CEx_ConfigDigitalFilter
                0x000000000800275c       0x48 Drivers/STM32F0xx_HAL_Driver/Src/stm32f0xx_hal_i2c_ex.o
                0x000000000800275c                HAL_I2CEx_ConfigDigitalFilter
 .text.HAL_IWDG_Init
                0x00000000080027a4       0x58 Drivers/STM32F0xx_HAL_Driver/Src/stm32f0xx_hal_iwdg.o
                0x00000000080027a4                HAL_IWDG_Init
 .text.HAL_IWDG_Refresh
                0x00000000080027fc       0x10 Drivers/STM32F0xx_HAL_Driver/Src/stm32f0xx_hal_iwdg.o
                0x00000000080027fc                HAL_IWDG_Refresh
 .text.HAL_RCC_OscConfig
                0x000000000800280c      0x41c Drivers/STM32F0xx_HAL_Driver/Src/stm32f0xx_hal_rcc.o
                0x000000000800280c                HAL_RCC_OscConfig
 .text.HAL_RCC_GetSysClockFreq
                0x0000000008002c28       0x58 Drivers/STM32F0xx_HAL_Driver/Src/stm32f0xx_hal_rcc.o
                0x0000000008002c28                HAL_RCC_GetSysClockFreq
 .text.HAL_RCC_ClockConfig
                0x0000000008002c80      0x108 Drivers/STM32F0xx_HAL_Driver/Src/stm32f0xx_hal_rcc.o
                0x0000000008002c80                HAL_RCC_ClockConfig
 .text.HAL_RCCEx_PeriphCLKConfig
                0x0000000008002d88      0x118 Drivers/STM32F0xx_HAL_Driver/Src/stm32f0xx_hal_rcc_ex.o
                0x0000000008002d88                HAL_RCCEx_PeriphCLKConfig
 .text.CUSTOM_NFCTAG_Init
                0x0000000008002ea0       0x70 NFC/custom_nfc04a1_nfctag.o
                0x0000000008002ea0                CUSTOM_NFCTAG_Init
 .text.CUSTOM_NFCTAG_ReadData
                0x0000000008002f10       0x20 NFC/custom_nfc04a1_nfctag.o
                0x0000000008002f10                CUSTOM_NFCTAG_ReadData
 .text.CUSTOM_NFCTAG_WriteData
                0x0000000008002f30       0x20 NFC/custom_nfc04a1_nfctag.o
                0x0000000008002f30                CUSTOM_NFCTAG_WriteData
 .text.CUSTOM_NFCTAG_WriteRegister
                0x0000000008002f50       0x28 NFC/custom_nfc04a1_nfctag.o
                0x0000000008002f50                CUSTOM_NFCTAG_WriteRegister
 .text.CUSTOM_NFCTAG_PresentI2CPassword
                0x0000000008002f78       0x10 NFC/custom_nfc04a1_nfctag.o
                0x0000000008002f78                CUSTOM_NFCTAG_PresentI2CPassword
 .text.CUSTOM_NFCTAG_WriteMBMode
                0x0000000008002f88       0x10 NFC/custom_nfc04a1_nfctag.o
                0x0000000008002f88                CUSTOM_NFCTAG_WriteMBMode
 .text.CUSTOM_NFCTAG_ReadMailboxData
                0x0000000008002f98       0x10 NFC/custom_nfc04a1_nfctag.o
                0x0000000008002f98                CUSTOM_NFCTAG_ReadMailboxData
 .text.CUSTOM_NFCTAG_WriteMailboxData
                0x0000000008002fa8       0x10 NFC/custom_nfc04a1_nfctag.o
                0x0000000008002fa8                CUSTOM_NFCTAG_WriteMailboxData
 .text.CUSTOM_NFCTAG_SetMBEN_Dyn
                0x0000000008002fb8       0x10 NFC/custom_nfc04a1_nfctag.o
                0x0000000008002fb8                CUSTOM_NFCTAG_SetMBEN_Dyn
 .text.__libc_init_array
                0x0000000008002fc8       0x48 c:/st/stm32cubeide_1.0.1/stm32cubeide/plugins/com.st.stm32cube.ide.mcu.externaltools.gnu-tools-for-stm32.7-2018-q2-update.win32_1.0.0.201904181610/tools/bin/../lib/gcc/arm-none-eabi/7.3.1/../../../../arm-none-eabi/lib/thumb/v6-m\libc_nano.a(lib_a-init.o)
                0x0000000008002fc8                __libc_init_array
 .text.memcpy   0x0000000008003010       0x12 c:/st/stm32cubeide_1.0.1/stm32cubeide/plugins/com.st.stm32cube.ide.mcu.externaltools.gnu-tools-for-stm32.7-2018-q2-update.win32_1.0.0.201904181610/tools/bin/../lib/gcc/arm-none-eabi/7.3.1/../../../../arm-none-eabi/lib/thumb/v6-m\libc_nano.a(lib_a-memcpy-stub.o)
                0x0000000008003010                memcpy
 .text.memset   0x0000000008003022       0x10 c:/st/stm32cubeide_1.0.1/stm32cubeide/plugins/com.st.stm32cube.ide.mcu.externaltools.gnu-tools-for-stm32.7-2018-q2-update.win32_1.0.0.201904181610/tools/bin/../lib/gcc/arm-none-eabi/7.3.1/../../../../arm-none-eabi/lib/thumb/v6-m\libc_nano.a(lib_a-memset.o)
                0x0000000008003022                memset
 *(.glue_7)
 .glue_7        0x0000000008003032        0x0 linker stubs
 *(.glue_7t)
 .glue_7t       0x0000000008003032        0x0 linker stubs
 *(.eh_frame)
 *fill*         0x0000000008003032        0x2 
 .eh_frame      0x0000000008003034        0x0 c:/st/stm32cubeide_1.0.1/stm32cubeide/plugins/com.st.stm32cube.ide.mcu.externaltools.gnu-tools-for-stm32.7-2018-q2-update.win32_1.0.0.201904181610/tools/bin/../lib/gcc/arm-none-eabi/7.3.1/thumb/v6-m/crtbegin.o
 *(.init)
 .init          0x0000000008003034        0x4 c:/st/stm32cubeide_1.0.1/stm32cubeide/plugins/com.st.stm32cube.ide.mcu.externaltools.gnu-tools-for-stm32.7-2018-q2-update.win32_1.0.0.201904181610/tools/bin/../lib/gcc/arm-none-eabi/7.3.1/thumb/v6-m/crti.o
                0x0000000008003034                _init
 .init          0x0000000008003038        0x8 c:/st/stm32cubeide_1.0.1/stm32cubeide/plugins/com.st.stm32cube.ide.mcu.externaltools.gnu-tools-for-stm32.7-2018-q2-update.win32_1.0.0.201904181610/tools/bin/../lib/gcc/arm-none-eabi/7.3.1/thumb/v6-m/crtn.o
 *(.fini)
 .fini          0x0000000008003040        0x4 c:/st/stm32cubeide_1.0.1/stm32cubeide/plugins/com.st.stm32cube.ide.mcu.externaltools.gnu-tools-for-stm32.7-2018-q2-update.win32_1.0.0.201904181610/tools/bin/../lib/gcc/arm-none-eabi/7.3.1/thumb/v6-m/crti.o
                0x0000000008003040                _fini
 .fini          0x0000000008003044        0x8 c:/st/stm32cubeide_1.0.1/stm32cubeide/plugins/com.st.stm32cube.ide.mcu.externaltools.gnu-tools-for-stm32.7-2018-q2-update.win32_1.0.0.201904181610/tools/bin/../lib/gcc/arm-none-eabi/7.3.1/thumb/v6-m/crtn.o
                0x000000000800304c                . = ALIGN (0x4)
                0x000000000800304c                _etext = .

.vfp11_veneer   0x000000000800304c        0x0
 .vfp11_veneer  0x000000000800304c        0x0 linker stubs

.v4_bx          0x000000000800304c        0x0
 .v4_bx         0x000000000800304c        0x0 linker stubs

.iplt           0x000000000800304c        0x0
 .iplt          0x000000000800304c        0x0 c:/st/stm32cubeide_1.0.1/stm32cubeide/plugins/com.st.stm32cube.ide.mcu.externaltools.gnu-tools-for-stm32.7-2018-q2-update.win32_1.0.0.201904181610/tools/bin/../lib/gcc/arm-none-eabi/7.3.1/thumb/v6-m/crtbegin.o

.rodata         0x000000000800304c      0x280
                0x000000000800304c                . = ALIGN (0x4)
 *(.rodata)
 .rodata        0x000000000800304c       0x20 Drivers/STM32F0xx_HAL_Driver/Src/stm32f0xx_hal_rcc.o
 *(.rodata*)
 .rodata.aucCRCHi
                0x000000000800306c      0x100 Core/Src/main.o
 .rodata.aucCRCLo
                0x000000000800316c      0x100 Core/Src/main.o
 .rodata.main   0x000000000800326c       0x4c Core/Src/main.o
 .rodata.AHBPrescTable
                0x00000000080032b8       0x10 Core/Src/system_stm32f0xx.o
                0x00000000080032b8                AHBPrescTable
 .rodata.ST25DV_WriteData.cst2
                0x00000000080032c8        0x2 Drivers/BSP/Components/ST25DV/st25dv.o
                0x00000000080032cc                . = ALIGN (0x4)
 *fill*         0x00000000080032ca        0x2 

.rel.dyn        0x00000000080032cc        0x0
 .rel.iplt      0x00000000080032cc        0x0 c:/st/stm32cubeide_1.0.1/stm32cubeide/plugins/com.st.stm32cube.ide.mcu.externaltools.gnu-tools-for-stm32.7-2018-q2-update.win32_1.0.0.201904181610/tools/bin/../lib/gcc/arm-none-eabi/7.3.1/thumb/v6-m/crtbegin.o

.ARM.extab      0x00000000080032cc        0x0
                0x00000000080032cc                . = ALIGN (0x4)
 *(.ARM.extab* .gnu.linkonce.armextab.*)
                0x00000000080032cc                . = ALIGN (0x4)

.ARM            0x00000000080032cc        0x0
                0x00000000080032cc                . = ALIGN (0x4)
                0x00000000080032cc                __exidx_start = .
 *(.ARM.exidx*)
                0x00000000080032cc                __exidx_end = .
                0x00000000080032cc                . = ALIGN (0x4)

.preinit_array  0x00000000080032cc        0x0
                0x00000000080032cc                . = ALIGN (0x4)
                0x00000000080032cc                PROVIDE (__preinit_array_start = .)
 *(.preinit_array*)
                0x00000000080032cc                PROVIDE (__preinit_array_end = .)
                0x00000000080032cc                . = ALIGN (0x4)

.init_array     0x00000000080032cc        0x4
                0x00000000080032cc                . = ALIGN (0x4)
                0x00000000080032cc                PROVIDE (__init_array_start = .)
 *(SORT_BY_NAME(.init_array.*))
 *(.init_array*)
 .init_array    0x00000000080032cc        0x4 c:/st/stm32cubeide_1.0.1/stm32cubeide/plugins/com.st.stm32cube.ide.mcu.externaltools.gnu-tools-for-stm32.7-2018-q2-update.win32_1.0.0.201904181610/tools/bin/../lib/gcc/arm-none-eabi/7.3.1/thumb/v6-m/crtbegin.o
                0x00000000080032d0                PROVIDE (__init_array_end = .)
                0x00000000080032d0                . = ALIGN (0x4)

.fini_array     0x00000000080032d0        0x4
                0x00000000080032d0                . = ALIGN (0x4)
                [!provide]                        PROVIDE (__fini_array_start = .)
 *(SORT_BY_NAME(.fini_array.*))
 *(.fini_array*)
 .fini_array    0x00000000080032d0        0x4 c:/st/stm32cubeide_1.0.1/stm32cubeide/plugins/com.st.stm32cube.ide.mcu.externaltools.gnu-tools-for-stm32.7-2018-q2-update.win32_1.0.0.201904181610/tools/bin/../lib/gcc/arm-none-eabi/7.3.1/thumb/v6-m/crtbegin.o
                [!provide]                        PROVIDE (__fini_array_end = .)
                0x00000000080032d4                . = ALIGN (0x4)
                0x00000000080032d4                _sidata = LOADADDR (.data)

.data           0x0000000020000000       0x34 load address 0x00000000080032d4
                0x0000000020000000                . = ALIGN (0x4)
                0x0000000020000000                _sdata = .
 *(.data)
 *(.data*)
 .data.res      0x0000000020000000        0x4 Core/Src/main.o
                0x0000000020000000                res
 .data.SystemCoreClock
                0x0000000020000004        0x4 Core/Src/system_stm32f0xx.o
                0x0000000020000004                SystemCoreClock
 .data.St25Dv_Drv
                0x0000000020000008       0x1c Drivers/BSP/Components/ST25DV/st25dv.o
                0x0000000020000008                St25Dv_Drv
 .data.uwTickFreq
                0x0000000020000024        0x1 Drivers/STM32F0xx_HAL_Driver/Src/stm32f0xx_hal.o
                0x0000000020000024                uwTickFreq
 *fill*         0x0000000020000025        0x3 
 .data.uwTickPrio
                0x0000000020000028        0x4 Drivers/STM32F0xx_HAL_Driver/Src/stm32f0xx_hal.o
                0x0000000020000028                uwTickPrio
 .data.GPO_EXTI
                0x000000002000002c        0x8 NFC/custom_nfc04a1.o
                0x000000002000002c                GPO_EXTI
                0x0000000020000034                . = ALIGN (0x4)
                0x0000000020000034                _edata = .

.igot.plt       0x0000000020000034        0x0 load address 0x0000000008003308
 .igot.plt      0x0000000020000034        0x0 c:/st/stm32cubeide_1.0.1/stm32cubeide/plugins/com.st.stm32cube.ide.mcu.externaltools.gnu-tools-for-stm32.7-2018-q2-update.win32_1.0.0.201904181610/tools/bin/../lib/gcc/arm-none-eabi/7.3.1/thumb/v6-m/crtbegin.o
                0x0000000020000034                . = ALIGN (0x4)

.bss            0x0000000020000038      0x528 load address 0x0000000008003308
                0x0000000020000038                _sbss = .
                0x0000000020000038                __bss_start__ = _sbss
 *(.bss)
 .bss           0x0000000020000038       0x1c c:/st/stm32cubeide_1.0.1/stm32cubeide/plugins/com.st.stm32cube.ide.mcu.externaltools.gnu-tools-for-stm32.7-2018-q2-update.win32_1.0.0.201904181610/tools/bin/../lib/gcc/arm-none-eabi/7.3.1/thumb/v6-m/crtbegin.o
 *(.bss*)
 .bss.I2C1InitCounter
                0x0000000020000054        0x4 Core/Src/custom_bus.o
 .bss.Timer     0x0000000020000058        0x4 Core/Src/main.o
                0x0000000020000058                Timer
 .bss.flag      0x000000002000005c        0x1 Core/Src/main.o
                0x000000002000005c                flag
 *fill*         0x000000002000005d        0x3 
 .bss.NfcTagObj
                0x0000000020000060       0x28 NFC/custom_nfc04a1_nfctag.o
 .bss.Nfctag_Drv
                0x0000000020000088        0x4 NFC/custom_nfc04a1_nfctag.o
 *(COMMON)
 COMMON         0x000000002000008c       0x4c Core/Src/custom_bus.o
                0x000000002000008c                hi2c1
 COMMON         0x00000000200000d8      0x45e Core/Src/main.o
                0x00000000200000d8                uid
                0x00000000200000e4                pass
                0x00000000200000ec                hiwdg
                0x0000000020000100                Admin_Pass
                0x0000000020000108                buffer
                0x0000000020000128                Keys
                0x0000000020000528                Admin_Id
                0x0000000020000530                status
 *fill*         0x0000000020000536        0x2 
 COMMON         0x0000000020000538        0x4 Drivers/STM32F0xx_HAL_Driver/Src/stm32f0xx_hal.o
                0x0000000020000538                uwTick
 *fill*         0x000000002000053c        0x4 
 COMMON         0x0000000020000540       0x20 Drivers/STM32F0xx_HAL_Driver/Src/stm32f0xx_hal_flash.o
                0x0000000020000540                pFlash
                0x0000000020000560                . = ALIGN (0x4)
                0x0000000020000560                _ebss = .
                0x0000000020000560                __bss_end__ = _ebss

._user_heap_stack
                0x0000000020000560      0x600 load address 0x0000000008003308
                0x0000000020000560                . = ALIGN (0x8)
                [!provide]                        PROVIDE (end = .)
                0x0000000020000560                PROVIDE (_end = .)
                0x0000000020000760                . = (. + _Min_Heap_Size)
 *fill*         0x0000000020000560      0x200 
                0x0000000020000b60                . = (. + _Min_Stack_Size)
 *fill*         0x0000000020000760      0x400 
                0x0000000020000b60                . = ALIGN (0x8)

/DISCARD/
 libc.a(*)
 libm.a(*)
 libgcc.a(*)

.ARM.attributes
                0x0000000000000000       0x28
 *(.ARM.attributes)
 .ARM.attributes
                0x0000000000000000       0x1e c:/st/stm32cubeide_1.0.1/stm32cubeide/plugins/com.st.stm32cube.ide.mcu.externaltools.gnu-tools-for-stm32.7-2018-q2-update.win32_1.0.0.201904181610/tools/bin/../lib/gcc/arm-none-eabi/7.3.1/thumb/v6-m/crti.o
 .ARM.attributes
                0x000000000000001e       0x2c c:/st/stm32cubeide_1.0.1/stm32cubeide/plugins/com.st.stm32cube.ide.mcu.externaltools.gnu-tools-for-stm32.7-2018-q2-update.win32_1.0.0.201904181610/tools/bin/../lib/gcc/arm-none-eabi/7.3.1/thumb/v6-m/crtbegin.o
 .ARM.attributes
                0x000000000000004a       0x31 Core/Src/custom_bus.o
 .ARM.attributes
                0x000000000000007b       0x31 Core/Src/main.o
 .ARM.attributes
                0x00000000000000ac       0x31 Core/Src/stm32f0xx_hal_msp.o
 .ARM.attributes
                0x00000000000000dd       0x31 Core/Src/stm32f0xx_it.o
 .ARM.attributes
                0x000000000000010e       0x31 Core/Src/system_stm32f0xx.o
 .ARM.attributes
                0x000000000000013f       0x21 Core/Startup/startup_stm32f070f6px.o
 .ARM.attributes
                0x0000000000000160       0x31 Drivers/BSP/Components/ST25DV/st25dv.o
 .ARM.attributes
                0x0000000000000191       0x31 Drivers/BSP/Components/ST25DV/st25dv_reg.o
 .ARM.attributes
                0x00000000000001c2       0x31 Drivers/STM32F0xx_HAL_Driver/Src/stm32f0xx_hal.o
 .ARM.attributes
                0x00000000000001f3       0x31 Drivers/STM32F0xx_HAL_Driver/Src/stm32f0xx_hal_cortex.o
 .ARM.attributes
                0x0000000000000224       0x31 Drivers/STM32F0xx_HAL_Driver/Src/stm32f0xx_hal_exti.o
 .ARM.attributes
                0x0000000000000255       0x31 Drivers/STM32F0xx_HAL_Driver/Src/stm32f0xx_hal_flash.o
 .ARM.attributes
                0x0000000000000286       0x31 Drivers/STM32F0xx_HAL_Driver/Src/stm32f0xx_hal_flash_ex.o
 .ARM.attributes
                0x00000000000002b7       0x31 Drivers/STM32F0xx_HAL_Driver/Src/stm32f0xx_hal_gpio.o
 .ARM.attributes
                0x00000000000002e8       0x31 Drivers/STM32F0xx_HAL_Driver/Src/stm32f0xx_hal_i2c.o
 .ARM.attributes
                0x0000000000000319       0x31 Drivers/STM32F0xx_HAL_Driver/Src/stm32f0xx_hal_i2c_ex.o
 .ARM.attributes
                0x000000000000034a       0x31 Drivers/STM32F0xx_HAL_Driver/Src/stm32f0xx_hal_iwdg.o
 .ARM.attributes
                0x000000000000037b       0x31 Drivers/STM32F0xx_HAL_Driver/Src/stm32f0xx_hal_rcc.o
 .ARM.attributes
                0x00000000000003ac       0x31 Drivers/STM32F0xx_HAL_Driver/Src/stm32f0xx_hal_rcc_ex.o
 .ARM.attributes
                0x00000000000003dd       0x31 NFC/custom_nfc04a1.o
 .ARM.attributes
                0x000000000000040e       0x31 NFC/custom_nfc04a1_nfctag.o
 .ARM.attributes
                0x000000000000043f       0x2c c:/st/stm32cubeide_1.0.1/stm32cubeide/plugins/com.st.stm32cube.ide.mcu.externaltools.gnu-tools-for-stm32.7-2018-q2-update.win32_1.0.0.201904181610/tools/bin/../lib/gcc/arm-none-eabi/7.3.1/../../../../arm-none-eabi/lib/thumb/v6-m\libc_nano.a(lib_a-init.o)
 .ARM.attributes
                0x000000000000046b       0x2c c:/st/stm32cubeide_1.0.1/stm32cubeide/plugins/com.st.stm32cube.ide.mcu.externaltools.gnu-tools-for-stm32.7-2018-q2-update.win32_1.0.0.201904181610/tools/bin/../lib/gcc/arm-none-eabi/7.3.1/../../../../arm-none-eabi/lib/thumb/v6-m\libc_nano.a(lib_a-memcpy-stub.o)
 .ARM.attributes
                0x0000000000000497       0x2c c:/st/stm32cubeide_1.0.1/stm32cubeide/plugins/com.st.stm32cube.ide.mcu.externaltools.gnu-tools-for-stm32.7-2018-q2-update.win32_1.0.0.201904181610/tools/bin/../lib/gcc/arm-none-eabi/7.3.1/../../../../arm-none-eabi/lib/thumb/v6-m\libc_nano.a(lib_a-memset.o)
 .ARM.attributes
                0x00000000000004c3       0x1e c:/st/stm32cubeide_1.0.1/stm32cubeide/plugins/com.st.stm32cube.ide.mcu.externaltools.gnu-tools-for-stm32.7-2018-q2-update.win32_1.0.0.201904181610/tools/bin/../lib/gcc/arm-none-eabi/7.3.1/thumb/v6-m\libgcc.a(_udivsi3.o)
 .ARM.attributes
                0x00000000000004e1       0x1e c:/st/stm32cubeide_1.0.1/stm32cubeide/plugins/com.st.stm32cube.ide.mcu.externaltools.gnu-tools-for-stm32.7-2018-q2-update.win32_1.0.0.201904181610/tools/bin/../lib/gcc/arm-none-eabi/7.3.1/thumb/v6-m\libgcc.a(_dvmd_tls.o)
 .ARM.attributes
                0x00000000000004ff       0x1e c:/st/stm32cubeide_1.0.1/stm32cubeide/plugins/com.st.stm32cube.ide.mcu.externaltools.gnu-tools-for-stm32.7-2018-q2-update.win32_1.0.0.201904181610/tools/bin/../lib/gcc/arm-none-eabi/7.3.1/thumb/v6-m\libgcc.a(_lshrdi3.o)
 .ARM.attributes
                0x000000000000051d       0x1e c:/st/stm32cubeide_1.0.1/stm32cubeide/plugins/com.st.stm32cube.ide.mcu.externaltools.gnu-tools-for-stm32.7-2018-q2-update.win32_1.0.0.201904181610/tools/bin/../lib/gcc/arm-none-eabi/7.3.1/thumb/v6-m/crtn.o
OUTPUT(NFC_V0.2.elf elf32-littlearm)

.comment        0x0000000000000000       0x7b
 .comment       0x0000000000000000       0x7b Core/Src/custom_bus.o
                                         0x7c (size before relaxing)
 .comment       0x000000000000007b       0x7c Core/Src/main.o
 .comment       0x000000000000007b       0x7c Core/Src/stm32f0xx_hal_msp.o
 .comment       0x000000000000007b       0x7c Core/Src/stm32f0xx_it.o
 .comment       0x000000000000007b       0x7c Core/Src/system_stm32f0xx.o
 .comment       0x000000000000007b       0x7c Drivers/BSP/Components/ST25DV/st25dv.o
 .comment       0x000000000000007b       0x7c Drivers/BSP/Components/ST25DV/st25dv_reg.o
 .comment       0x000000000000007b       0x7c Drivers/STM32F0xx_HAL_Driver/Src/stm32f0xx_hal.o
 .comment       0x000000000000007b       0x7c Drivers/STM32F0xx_HAL_Driver/Src/stm32f0xx_hal_cortex.o
 .comment       0x000000000000007b       0x7c Drivers/STM32F0xx_HAL_Driver/Src/stm32f0xx_hal_exti.o
 .comment       0x000000000000007b       0x7c Drivers/STM32F0xx_HAL_Driver/Src/stm32f0xx_hal_flash.o
 .comment       0x000000000000007b       0x7c Drivers/STM32F0xx_HAL_Driver/Src/stm32f0xx_hal_flash_ex.o
 .comment       0x000000000000007b       0x7c Drivers/STM32F0xx_HAL_Driver/Src/stm32f0xx_hal_gpio.o
 .comment       0x000000000000007b       0x7c Drivers/STM32F0xx_HAL_Driver/Src/stm32f0xx_hal_i2c.o
 .comment       0x000000000000007b       0x7c Drivers/STM32F0xx_HAL_Driver/Src/stm32f0xx_hal_i2c_ex.o
 .comment       0x000000000000007b       0x7c Drivers/STM32F0xx_HAL_Driver/Src/stm32f0xx_hal_iwdg.o
 .comment       0x000000000000007b       0x7c Drivers/STM32F0xx_HAL_Driver/Src/stm32f0xx_hal_rcc.o
 .comment       0x000000000000007b       0x7c Drivers/STM32F0xx_HAL_Driver/Src/stm32f0xx_hal_rcc_ex.o
 .comment       0x000000000000007b       0x7c NFC/custom_nfc04a1.o
 .comment       0x000000000000007b       0x7c NFC/custom_nfc04a1_nfctag.o

.debug_frame    0x0000000000000000       0x94
 .debug_frame   0x0000000000000000       0x2c c:/st/stm32cubeide_1.0.1/stm32cubeide/plugins/com.st.stm32cube.ide.mcu.externaltools.gnu-tools-for-stm32.7-2018-q2-update.win32_1.0.0.201904181610/tools/bin/../lib/gcc/arm-none-eabi/7.3.1/../../../../arm-none-eabi/lib/thumb/v6-m\libc_nano.a(lib_a-init.o)
 .debug_frame   0x000000000000002c       0x28 c:/st/stm32cubeide_1.0.1/stm32cubeide/plugins/com.st.stm32cube.ide.mcu.externaltools.gnu-tools-for-stm32.7-2018-q2-update.win32_1.0.0.201904181610/tools/bin/../lib/gcc/arm-none-eabi/7.3.1/../../../../arm-none-eabi/lib/thumb/v6-m\libc_nano.a(lib_a-memcpy-stub.o)
 .debug_frame   0x0000000000000054       0x20 c:/st/stm32cubeide_1.0.1/stm32cubeide/plugins/com.st.stm32cube.ide.mcu.externaltools.gnu-tools-for-stm32.7-2018-q2-update.win32_1.0.0.201904181610/tools/bin/../lib/gcc/arm-none-eabi/7.3.1/../../../../arm-none-eabi/lib/thumb/v6-m\libc_nano.a(lib_a-memset.o)
 .debug_frame   0x0000000000000074       0x20 c:/st/stm32cubeide_1.0.1/stm32cubeide/plugins/com.st.stm32cube.ide.mcu.externaltools.gnu-tools-for-stm32.7-2018-q2-update.win32_1.0.0.201904181610/tools/bin/../lib/gcc/arm-none-eabi/7.3.1/thumb/v6-m\libgcc.a(_udivsi3.o)
