custom_nfc04a1_nfctag.c:62:9:CUSTOM_NFCTAG_Init	48	static
custom_nfc04a1_nfctag.c:101:6:CUSTOM_NFCTAG_DeInit	16	static
custom_nfc04a1_nfctag.c:117:9:CUSTOM_NFCTAG_isInitialized	16	static
custom_nfc04a1_nfctag.c:128:9:CUSTOM_NFCTAG_ReadID	16	static
custom_nfc04a1_nfctag.c:144:9:CUSTOM_NFCTAG_IsDeviceReady	16	static
custom_nfc04a1_nfctag.c:162:9:CUSTOM_NFCTAG_ConfigIT	16	static
custom_nfc04a1_nfctag.c:179:9:CUSTOM_NFCTAG_GetITStatus	16	static
custom_nfc04a1_nfctag.c:197:9:CUSTOM_NFCTAG_ReadData	32	static
custom_nfc04a1_nfctag.c:215:9:CUSTOM_NFCTAG_WriteData	32	static
custom_nfc04a1_nfctag.c:233:9:CUSTOM_NFCTAG_ReadRegister	32	static
custom_nfc04a1_nfctag.c:247:9:CUSTOM_NFCTAG_WriteRegister	40	static
custom_nfc04a1_nfctag.c:266:10:CUSTOM_NFCTAG_GetByteSize	32	static
custom_nfc04a1_nfctag.c:280:9:CUSTOM_NFCTAG_ReadICRev	16	static
custom_nfc04a1_nfctag.c:291:9:CUSTOM_NFCTAG_ReadITPulse	16	static
custom_nfc04a1_nfctag.c:303:9:CUSTOM_NFCTAG_WriteITPulse	16	static
custom_nfc04a1_nfctag.c:314:9:CUSTOM_NFCTAG_ReadUID	16	static
custom_nfc04a1_nfctag.c:325:9:CUSTOM_NFCTAG_ReadDSFID	16	static
custom_nfc04a1_nfctag.c:336:9:CUSTOM_NFCTAG_ReadDsfidRFProtection	16	static
custom_nfc04a1_nfctag.c:347:9:CUSTOM_NFCTAG_ReadAFI	16	static
custom_nfc04a1_nfctag.c:358:9:CUSTOM_NFCTAG_ReadAfiRFProtection	16	static
custom_nfc04a1_nfctag.c:369:9:CUSTOM_NFCTAG_ReadI2CProtectZone	16	static
custom_nfc04a1_nfctag.c:382:9:CUSTOM_NFCTAG_WriteI2CProtectZonex	16	static
custom_nfc04a1_nfctag.c:393:9:CUSTOM_NFCTAG_ReadLockCCFile	16	static
custom_nfc04a1_nfctag.c:406:9:CUSTOM_NFCTAG_WriteLockCCFile	16	static
custom_nfc04a1_nfctag.c:417:9:CUSTOM_NFCTAG_ReadLockCFG	16	static
custom_nfc04a1_nfctag.c:429:9:CUSTOM_NFCTAG_WriteLockCFG	16	static
custom_nfc04a1_nfctag.c:440:9:CUSTOM_NFCTAG_PresentI2CPassword	24	static
custom_nfc04a1_nfctag.c:452:9:CUSTOM_NFCTAG_WriteI2CPassword	24	static
custom_nfc04a1_nfctag.c:464:9:CUSTOM_NFCTAG_ReadRFZxSS	24	static
custom_nfc04a1_nfctag.c:477:9:CUSTOM_NFCTAG_WriteRFZxSS	24	static
custom_nfc04a1_nfctag.c:489:9:CUSTOM_NFCTAG_ReadEndZonex	24	static
custom_nfc04a1_nfctag.c:504:9:CUSTOM_NFCTAG_WriteEndZonex	16	static
custom_nfc04a1_nfctag.c:517:9:CUSTOM_NFCTAG_InitEndZone	16	static
custom_nfc04a1_nfctag.c:532:9:CUSTOM_NFCTAG_CreateUserZone	48	static
custom_nfc04a1_nfctag.c:543:9:CUSTOM_NFCTAG_ReadMemSize	16	static
custom_nfc04a1_nfctag.c:554:9:CUSTOM_NFCTAG_ReadEHMode	16	static
custom_nfc04a1_nfctag.c:566:9:CUSTOM_NFCTAG_WriteEHMode	16	static
custom_nfc04a1_nfctag.c:577:9:CUSTOM_NFCTAG_ReadRFMngt	16	static
custom_nfc04a1_nfctag.c:589:9:CUSTOM_NFCTAG_WriteRFMngt	16	static
custom_nfc04a1_nfctag.c:600:9:CUSTOM_NFCTAG_GetRFDisable	16	static
custom_nfc04a1_nfctag.c:611:9:CUSTOM_NFCTAG_SetRFDisable	16	static
custom_nfc04a1_nfctag.c:622:9:CUSTOM_NFCTAG_ResetRFDisable	16	static
custom_nfc04a1_nfctag.c:633:9:CUSTOM_NFCTAG_GetRFSleep	16	static
custom_nfc04a1_nfctag.c:644:9:CUSTOM_NFCTAG_SetRFSleep	16	static
custom_nfc04a1_nfctag.c:655:9:CUSTOM_NFCTAG_ResetRFSleep	16	static
custom_nfc04a1_nfctag.c:666:9:CUSTOM_NFCTAG_ReadMBMode	16	static
custom_nfc04a1_nfctag.c:678:9:CUSTOM_NFCTAG_WriteMBMode	16	static
custom_nfc04a1_nfctag.c:689:9:CUSTOM_NFCTAG_ReadMBWDG	16	static
custom_nfc04a1_nfctag.c:701:9:CUSTOM_NFCTAG_WriteMBWDG	16	static
custom_nfc04a1_nfctag.c:714:9:CUSTOM_NFCTAG_ReadMailboxData	32	static
custom_nfc04a1_nfctag.c:726:9:CUSTOM_NFCTAG_WriteMailboxData	24	static
custom_nfc04a1_nfctag.c:739:9:CUSTOM_NFCTAG_ReadMailboxRegister	32	static
custom_nfc04a1_nfctag.c:752:9:CUSTOM_NFCTAG_WriteMailboxRegister	32	static
custom_nfc04a1_nfctag.c:763:9:CUSTOM_NFCTAG_ReadI2CSecuritySession_Dyn	16	static
custom_nfc04a1_nfctag.c:783:9:CUSTOM_NFCTAG_ReadITSTStatus_Dyn	16	static
custom_nfc04a1_nfctag.c:794:9:CUSTOM_NFCTAG_ReadGPO_Dyn	16	static
custom_nfc04a1_nfctag.c:805:9:CUSTOM_NFCTAG_GetGPO_en_Dyn	16	static
custom_nfc04a1_nfctag.c:816:9:CUSTOM_NFCTAG_SetGPO_en_Dyn	16	static
custom_nfc04a1_nfctag.c:827:9:CUSTOM_NFCTAG_ResetGPO_en_Dyn	16	static
custom_nfc04a1_nfctag.c:838:9:CUSTOM_NFCTAG_ReadEHCtrl_Dyn	16	static
custom_nfc04a1_nfctag.c:849:9:CUSTOM_NFCTAG_GetEHENMode_Dyn	16	static
custom_nfc04a1_nfctag.c:859:9:CUSTOM_NFCTAG_SetEHENMode_Dyn	16	static
custom_nfc04a1_nfctag.c:869:9:CUSTOM_NFCTAG_ResetEHENMode_Dyn	16	static
custom_nfc04a1_nfctag.c:880:9:CUSTOM_NFCTAG_GetEHON_Dyn	16	static
custom_nfc04a1_nfctag.c:891:9:CUSTOM_NFCTAG_GetRFField_Dyn	16	static
custom_nfc04a1_nfctag.c:902:9:CUSTOM_NFCTAG_GetVCC_Dyn	16	static
custom_nfc04a1_nfctag.c:913:9:CUSTOM_NFCTAG_ReadRFMngt_Dyn	16	static
custom_nfc04a1_nfctag.c:924:9:CUSTOM_NFCTAG_WriteRFMngt_Dyn	16	static
custom_nfc04a1_nfctag.c:935:9:CUSTOM_NFCTAG_GetRFDisable_Dyn	16	static
custom_nfc04a1_nfctag.c:945:9:CUSTOM_NFCTAG_SetRFDisable_Dyn	16	static
custom_nfc04a1_nfctag.c:955:9:CUSTOM_NFCTAG_ResetRFDisable_Dyn	16	static
custom_nfc04a1_nfctag.c:966:9:CUSTOM_NFCTAG_GetRFSleep_Dyn	16	static
custom_nfc04a1_nfctag.c:976:9:CUSTOM_NFCTAG_SetRFSleep_Dyn	16	static
custom_nfc04a1_nfctag.c:986:9:CUSTOM_NFCTAG_ResetRFSleep_Dyn	16	static
custom_nfc04a1_nfctag.c:997:9:CUSTOM_NFCTAG_ReadMBCtrl_Dyn	16	static
custom_nfc04a1_nfctag.c:1007:9:CUSTOM_NFCTAG_GetMBEN_Dyn	16	static
custom_nfc04a1_nfctag.c:1017:9:CUSTOM_NFCTAG_SetMBEN_Dyn	16	static
custom_nfc04a1_nfctag.c:1027:9:CUSTOM_NFCTAG_ResetMBEN_Dyn	16	static
custom_nfc04a1_nfctag.c:1038:9:CUSTOM_NFCTAG_ReadMBLength_Dyn	16	static
