main.c:164:5:main	8	static
main.c:255:6:NFCTAG_Init	8	static
main.c:274:19:Flash_write32	40	static
main.c:289:19:Flash_write64	40	static
main.c:303:19:Flash_Erase	48	static
main.c:325:10:Flash_Read32	16	static
main.c:331:10:Flash_Read64	24	static
main.c:336:10:CRC16	24	static
main.c:353:10:Make32	24	static
main.c:362:10:Make64	48	static
main.c:386:6:NewAdmin	24	static
main.c:408:6:AdminLogin	24	static
main.c:433:6:SoftReset	24	static
main.c:461:6:LogEnable	24	static
main.c:485:6:NewKey	24	static
main.c:515:6:DeleteKey	24	static
main.c:544:6:OpenDoor	24	static
main.c:568:6:Response	56	static
main.c:581:6:Door_Log	32	static
main.c:603:6:Admin_Log	40	static
main.c:626:6:Reset_Memory	152	static
main.c:647:6:GetUID	16	static
main.c:680:6:Read_Data	24	static
main.c:690:19:Write_Data	24	static
main.c:708:6:SystemClock_Config	104	static
main.c:754:13:MX_IWDG_Init	8	static
main.c:783:13:MX_GPIO_Init	48	static
main.c:822:6:Error_Handler	8	static
