main.c:163:5:main	8	static
main.c:228:6:NFCTAG_Init	8	static
main.c:246:19:Flash_write32	40	static
main.c:261:19:Flash_write64	40	static
main.c:275:19:Flash_Erase	48	static
main.c:297:10:Flash_Read32	16	static
main.c:303:10:Flash_Read64	24	static
main.c:308:10:CRC16	24	static
main.c:325:10:Make32	24	static
main.c:334:10:Make64	48	static
main.c:358:6:NewAdmin	24	static
main.c:380:6:AdminLogin	24	static
main.c:405:6:SoftReset	24	static
main.c:435:6:NewKey	24	static
main.c:464:6:DeleteKey	24	static
main.c:493:6:OpenDoor	24	static
main.c:517:6:Response	56	static
main.c:530:6:Door_Log	32	static
main.c:552:6:Admin_Log	40	static
main.c:575:6:Reset_Memory	152	static
main.c:596:6:GetUID	16	static
main.c:629:6:Read_Data	24	static
main.c:639:19:Write_Data	24	static
main.c:657:6:SystemClock_Config	104	static
main.c:703:13:MX_IWDG_Init	8	static
main.c:732:13:MX_GPIO_Init	48	static
main.c:771:6:Error_Handler	8	static
