Archive member included to satisfy reference by file (symbol)

c:/st/stm32cubeide_1.0.1/stm32cubeide/plugins/com.st.stm32cube.ide.mcu.externaltools.gnu-tools-for-stm32.7-2018-q2-update.win32_1.0.0.201904181610/tools/bin/../lib/gcc/arm-none-eabi/7.3.1/../../../../arm-none-eabi/lib/thumb/v6-m\libc_nano.a(lib_a-errno.o)
                              Core/Src/syscalls.o (__errno)
c:/st/stm32cubeide_1.0.1/stm32cubeide/plugins/com.st.stm32cube.ide.mcu.externaltools.gnu-tools-for-stm32.7-2018-q2-update.win32_1.0.0.201904181610/tools/bin/../lib/gcc/arm-none-eabi/7.3.1/../../../../arm-none-eabi/lib/thumb/v6-m\libc_nano.a(lib_a-exit.o)
                              c:/st/stm32cubeide_1.0.1/stm32cubeide/plugins/com.st.stm32cube.ide.mcu.externaltools.gnu-tools-for-stm32.7-2018-q2-update.win32_1.0.0.201904181610/tools/bin/../lib/gcc/arm-none-eabi/7.3.1/../../../../arm-none-eabi/lib/thumb/v6-m/crt0.o (exit)
c:/st/stm32cubeide_1.0.1/stm32cubeide/plugins/com.st.stm32cube.ide.mcu.externaltools.gnu-tools-for-stm32.7-2018-q2-update.win32_1.0.0.201904181610/tools/bin/../lib/gcc/arm-none-eabi/7.3.1/../../../../arm-none-eabi/lib/thumb/v6-m\libc_nano.a(lib_a-impure.o)
                              c:/st/stm32cubeide_1.0.1/stm32cubeide/plugins/com.st.stm32cube.ide.mcu.externaltools.gnu-tools-for-stm32.7-2018-q2-update.win32_1.0.0.201904181610/tools/bin/../lib/gcc/arm-none-eabi/7.3.1/../../../../arm-none-eabi/lib/thumb/v6-m\libc_nano.a(lib_a-exit.o) (_global_impure_ptr)
c:/st/stm32cubeide_1.0.1/stm32cubeide/plugins/com.st.stm32cube.ide.mcu.externaltools.gnu-tools-for-stm32.7-2018-q2-update.win32_1.0.0.201904181610/tools/bin/../lib/gcc/arm-none-eabi/7.3.1/../../../../arm-none-eabi/lib/thumb/v6-m\libc_nano.a(lib_a-init.o)
                              c:/st/stm32cubeide_1.0.1/stm32cubeide/plugins/com.st.stm32cube.ide.mcu.externaltools.gnu-tools-for-stm32.7-2018-q2-update.win32_1.0.0.201904181610/tools/bin/../lib/gcc/arm-none-eabi/7.3.1/../../../../arm-none-eabi/lib/thumb/v6-m/crt0.o (__libc_init_array)
c:/st/stm32cubeide_1.0.1/stm32cubeide/plugins/com.st.stm32cube.ide.mcu.externaltools.gnu-tools-for-stm32.7-2018-q2-update.win32_1.0.0.201904181610/tools/bin/../lib/gcc/arm-none-eabi/7.3.1/../../../../arm-none-eabi/lib/thumb/v6-m\libc_nano.a(lib_a-memset.o)
                              c:/st/stm32cubeide_1.0.1/stm32cubeide/plugins/com.st.stm32cube.ide.mcu.externaltools.gnu-tools-for-stm32.7-2018-q2-update.win32_1.0.0.201904181610/tools/bin/../lib/gcc/arm-none-eabi/7.3.1/../../../../arm-none-eabi/lib/thumb/v6-m/crt0.o (memset)
c:/st/stm32cubeide_1.0.1/stm32cubeide/plugins/com.st.stm32cube.ide.mcu.externaltools.gnu-tools-for-stm32.7-2018-q2-update.win32_1.0.0.201904181610/tools/bin/../lib/gcc/arm-none-eabi/7.3.1/thumb/v6-m\libgcc.a(_udivsi3.o)
                              Core/Src/system_stm32f0xx.o (__aeabi_uidiv)
c:/st/stm32cubeide_1.0.1/stm32cubeide/plugins/com.st.stm32cube.ide.mcu.externaltools.gnu-tools-for-stm32.7-2018-q2-update.win32_1.0.0.201904181610/tools/bin/../lib/gcc/arm-none-eabi/7.3.1/thumb/v6-m\libgcc.a(_dvmd_tls.o)
                              c:/st/stm32cubeide_1.0.1/stm32cubeide/plugins/com.st.stm32cube.ide.mcu.externaltools.gnu-tools-for-stm32.7-2018-q2-update.win32_1.0.0.201904181610/tools/bin/../lib/gcc/arm-none-eabi/7.3.1/thumb/v6-m\libgcc.a(_udivsi3.o) (__aeabi_idiv0)

Allocating common symbols
Common symbol       size              file

uid                 0xc               Core/Src/main.o
pass                0x8               Core/Src/main.o
hi2c1               0x4c              Core/Src/custom_bus.o
hiwdg               0x10              Core/Src/main.o
uwTick              0x4               Drivers/STM32F0xx_HAL_Driver/Src/stm32f0xx_hal.o
pFlash              0x20              Drivers/STM32F0xx_HAL_Driver/Src/stm32f0xx_hal_flash.o
Admin_Pass          0x8               Core/Src/main.o
buffer              0x1e              Core/Src/main.o
Keys                0x400             Core/Src/main.o
Admin_Id            0x8               Core/Src/main.o
status              0x6               Core/Src/main.o

Discarded input sections

 .text          0x0000000000000000        0x0 c:/st/stm32cubeide_1.0.1/stm32cubeide/plugins/com.st.stm32cube.ide.mcu.externaltools.gnu-tools-for-stm32.7-2018-q2-update.win32_1.0.0.201904181610/tools/bin/../lib/gcc/arm-none-eabi/7.3.1/thumb/v6-m/crti.o
 .data          0x0000000000000000        0x0 c:/st/stm32cubeide_1.0.1/stm32cubeide/plugins/com.st.stm32cube.ide.mcu.externaltools.gnu-tools-for-stm32.7-2018-q2-update.win32_1.0.0.201904181610/tools/bin/../lib/gcc/arm-none-eabi/7.3.1/thumb/v6-m/crti.o
 .bss           0x0000000000000000        0x0 c:/st/stm32cubeide_1.0.1/stm32cubeide/plugins/com.st.stm32cube.ide.mcu.externaltools.gnu-tools-for-stm32.7-2018-q2-update.win32_1.0.0.201904181610/tools/bin/../lib/gcc/arm-none-eabi/7.3.1/thumb/v6-m/crti.o
[...]
Memory Configuration

Name             Origin             Length             Attributes
RAM              0x0000000020000000 0x0000000000001800 xrw
FLASH            0x0000000008000000 0x0000000000008000 xr
*default*        0x0000000000000000 0xffffffffffffffff

Linker script and memory map

LOAD c:/st/stm32cubeide_1.0.1/stm32cubeide/plugins/com.st.stm32cube.ide.mcu.externaltools.gnu-tools-for-stm32.7-2018-q2-update.win32_1.0.0.201904181610/tools/bin/../lib/gcc/arm-none-eabi/7.3.1/thumb/v6-m/crti.o
LOAD c:/st/stm32cubeide_1.0.1/stm32cubeide/plugins/com.st.stm32cube.ide.mcu.externaltools.gnu-tools-for-stm32.7-2018-q2-update.win32_1.0.0.201904181610/tools/bin/../lib/gcc/arm-none-eabi/7.3.1/thumb/v6-m/crtbegin.o
LOAD c:/st/stm32cubeide_1.0.1/stm32cubeide/plugins/com.st.stm32cube.ide.mcu.externaltools.gnu-tools-for-stm32.7-2018-q2-update.win32_1.0.0.201904181610/tools/bin/../lib/gcc/arm-none-eabi/7.3.1/../../../../arm-none-eabi/lib/thumb/v6-m/crt0.o
LOAD Core/Src/custom_bus.o
LOAD Core/Src/main.o
LOAD Core/Src/stm32f0xx_hal_msp.o
LOAD Core/Src/stm32f0xx_it.o
LOAD Core/Src/syscalls.o
LOAD Core/Src/sysmem.o
LOAD Core/Src/system_stm32f0xx.o
LOAD Core/Startup/startup_stm32f070f6px.o
LOAD Drivers/BSP/Components/ST25DV/st25dv.o
LOAD Drivers/BSP/Components/ST25DV/st25dv_reg.o
LOAD Drivers/STM32F0xx_HAL_Driver/Src/stm32f0xx_hal.o
LOAD Drivers/STM32F0xx_HAL_Driver/Src/stm32f0xx_hal_cortex.o
LOAD Drivers/STM32F0xx_HAL_Driver/Src/stm32f0xx_hal_dma.o
LOAD Drivers/STM32F0xx_HAL_Driver/Src/stm32f0xx_hal_exti.o
LOAD Drivers/STM32F0xx_HAL_Driver/Src/stm32f0xx_hal_flash.o
LOAD Drivers/STM32F0xx_HAL_Driver/Src/stm32f0xx_hal_flash_ex.o
LOAD Drivers/STM32F0xx_HAL_Driver/Src/stm32f0xx_hal_gpio.o
LOAD Drivers/STM32F0xx_HAL_Driver/Src/stm32f0xx_hal_i2c.o
LOAD Drivers/STM32F0xx_HAL_Driver/Src/stm32f0xx_hal_i2c_ex.o
LOAD Drivers/STM32F0xx_HAL_Driver/Src/stm32f0xx_hal_iwdg.o
LOAD Drivers/STM32F0xx_HAL_Driver/Src/stm32f0xx_hal_pwr.o
LOAD Drivers/STM32F0xx_HAL_Driver/Src/stm32f0xx_hal_pwr_ex.o
LOAD Drivers/STM32F0xx_HAL_Driver/Src/stm32f0xx_hal_rcc.o
LOAD Drivers/STM32F0xx_HAL_Driver/Src/stm32f0xx_hal_rcc_ex.o
LOAD Drivers/STM32F0xx_HAL_Driver/Src/stm32f0xx_hal_tim.o
LOAD Drivers/STM32F0xx_HAL_Driver/Src/stm32f0xx_hal_tim_ex.o
LOAD NFC/custom_nfc04a1.o
LOAD NFC/custom_nfc04a1_nfctag.o
START GROUP
LOAD c:/st/stm32cubeide_1.0.1/stm32cubeide/plugins/com.st.stm32cube.ide.mcu.externaltools.gnu-tools-for-stm32.7-2018-q2-update.win32_1.0.0.201904181610/tools/bin/../lib/gcc/arm-none-eabi/7.3.1/../../../../arm-none-eabi/lib/thumb/v6-m\libc_nano.a
LOAD c:/st/stm32cubeide_1.0.1/stm32cubeide/plugins/com.st.stm32cube.ide.mcu.externaltools.gnu-tools-for-stm32.7-2018-q2-update.win32_1.0.0.201904181610/tools/bin/../lib/gcc/arm-none-eabi/7.3.1/../../../../arm-none-eabi/lib/thumb/v6-m\libm.a
END GROUP
START GROUP
LOAD c:/st/stm32cubeide_1.0.1/stm32cubeide/plugins/com.st.stm32cube.ide.mcu.externaltools.gnu-tools-for-stm32.7-2018-q2-update.win32_1.0.0.201904181610/tools/bin/../lib/gcc/arm-none-eabi/7.3.1/thumb/v6-m\libgcc.a
LOAD c:/st/stm32cubeide_1.0.1/stm32cubeide/plugins/com.st.stm32cube.ide.mcu.externaltools.gnu-tools-for-stm32.7-2018-q2-update.win32_1.0.0.201904181610/tools/bin/../lib/gcc/arm-none-eabi/7.3.1/../../../../arm-none-eabi/lib/thumb/v6-m\libc_nano.a
END GROUP
START GROUP
LOAD c:/st/stm32cubeide_1.0.1/stm32cubeide/plugins/com.st.stm32cube.ide.mcu.externaltools.gnu-tools-for-stm32.7-2018-q2-update.win32_1.0.0.201904181610/tools/bin/../lib/gcc/arm-none-eabi/7.3.1/thumb/v6-m\libgcc.a
LOAD c:/st/stm32cubeide_1.0.1/stm32cubeide/plugins/com.st.stm32cube.ide.mcu.externaltools.gnu-tools-for-stm32.7-2018-q2-update.win32_1.0.0.201904181610/tools/bin/../lib/gcc/arm-none-eabi/7.3.1/../../../../arm-none-eabi/lib/thumb/v6-m\libc_nano.a
LOAD c:/st/stm32cubeide_1.0.1/stm32cubeide/plugins/com.st.stm32cube.ide.mcu.externaltools.gnu-tools-for-stm32.7-2018-q2-update.win32_1.0.0.201904181610/tools/bin/../lib/gcc/arm-none-eabi/7.3.1/../../../../arm-none-eabi/lib/thumb/v6-m\libnosys.a
END GROUP
START GROUP
LOAD c:/st/stm32cubeide_1.0.1/stm32cubeide/plugins/com.st.stm32cube.ide.mcu.externaltools.gnu-tools-for-stm32.7-2018-q2-update.win32_1.0.0.201904181610/tools/bin/../lib/gcc/arm-none-eabi/7.3.1/thumb/v6-m\libgcc.a
LOAD c:/st/stm32cubeide_1.0.1/stm32cubeide/plugins/com.st.stm32cube.ide.mcu.externaltools.gnu-tools-for-stm32.7-2018-q2-update.win32_1.0.0.201904181610/tools/bin/../lib/gcc/arm-none-eabi/7.3.1/../../../../arm-none-eabi/lib/thumb/v6-m\libc_nano.a
LOAD c:/st/stm32cubeide_1.0.1/stm32cubeide/plugins/com.st.stm32cube.ide.mcu.externaltools.gnu-tools-for-stm32.7-2018-q2-update.win32_1.0.0.201904181610/tools/bin/../lib/gcc/arm-none-eabi/7.3.1/../../../../arm-none-eabi/lib/thumb/v6-m\libnosys.a
END GROUP
LOAD c:/st/stm32cubeide_1.0.1/stm32cubeide/plugins/com.st.stm32cube.ide.mcu.externaltools.gnu-tools-for-stm32.7-2018-q2-update.win32_1.0.0.201904181610/tools/bin/../lib/gcc/arm-none-eabi/7.3.1/thumb/v6-m/crtend.o
LOAD c:/st/stm32cubeide_1.0.1/stm32cubeide/plugins/com.st.stm32cube.ide.mcu.externaltools.gnu-tools-for-stm32.7-2018-q2-update.win32_1.0.0.201904181610/tools/bin/../lib/gcc/arm-none-eabi/7.3.1/thumb/v6-m/crtn.o
                0x0000000020001800                _estack = (ORIGIN (RAM) + LENGTH (RAM))
                0x0000000000000200                _Min_Heap_Size = 0x200
                0x0000000000000400                _Min_Stack_Size = 0x400

.isr_vector     0x0000000008000000       0xc0
                0x0000000008000000                . = ALIGN (0x4)
 *(.isr_vector)
 .isr_vector    0x0000000008000000       0xc0 Core/Startup/startup_stm32f070f6px.o
                0x0000000008000000                g_pfnVectors
                0x00000000080000c0                . = ALIGN (0x4)

.text           0x00000000080000c0     0x4830
                0x00000000080000c0                . = ALIGN (0x4)
 *(.text)
 .text          0x00000000080000c0       0x48 c:/st/stm32cubeide_1.0.1/stm32cubeide/plugins/com.st.stm32cube.ide.mcu.externaltools.gnu-tools-for-stm32.7-2018-q2-update.win32_1.0.0.201904181610/tools/bin/../lib/gcc/arm-none-eabi/7.3.1/thumb/v6-m/crtbegin.o
 .text          0x0000000008000108      0x114 c:/st/stm32cubeide_1.0.1/stm32cubeide/plugins/com.st.stm32cube.ide.mcu.externaltools.gnu-tools-for-stm32.7-2018-q2-update.win32_1.0.0.201904181610/tools/bin/../lib/gcc/arm-none-eabi/7.3.1/thumb/v6-m\libgcc.a(_udivsi3.o)
                0x0000000008000108                __aeabi_uidiv
                0x0000000008000108                __udivsi3
                0x0000000008000214                __aeabi_uidivmod
 .text          0x000000000800021c        0x4 c:/st/stm32cubeide_1.0.1/stm32cubeide/plugins/com.st.stm32cube.ide.mcu.externaltools.gnu-tools-for-stm32.7-2018-q2-update.win32_1.0.0.201904181610/tools/bin/../lib/gcc/arm-none-eabi/7.3.1/thumb/v6-m\libgcc.a(_dvmd_tls.o)
                0x000000000800021c                __aeabi_idiv0
                0x000000000800021c                __aeabi_ldiv0
 *(.text*)
 .text.BSP_I2C1_Init
                0x0000000008000220       0x7c Core/Src/custom_bus.o
                0x0000000008000220                BSP_I2C1_Init
 .text.BSP_I2C1_DeInit
                0x000000000800029c       0x50 Core/Src/custom_bus.o
                0x000000000800029c                BSP_I2C1_DeInit
 .text.BSP_I2C1_IsReady
                0x00000000080002ec       0x3c Core/Src/custom_bus.o
                0x00000000080002ec                BSP_I2C1_IsReady
 .text.BSP_I2C1_WriteReg16
                0x0000000008000328       0x78 Core/Src/custom_bus.o
                0x0000000008000328                BSP_I2C1_WriteReg16
 .text.BSP_I2C1_ReadReg16
                0x00000000080003a0       0x78 Core/Src/custom_bus.o
                0x00000000080003a0                BSP_I2C1_ReadReg16
 .text.MX_I2C1_Init
                0x0000000008000418       0x9c Core/Src/custom_bus.o
                0x0000000008000418                MX_I2C1_Init
 .text.I2C1_MspInit
                0x00000000080004b4       0xb0 Core/Src/custom_bus.o
 .text.I2C1_MspDeInit
                0x0000000008000564       0x44 Core/Src/custom_bus.o
 .text.main     0x00000000080005a8      0x148 Core/Src/main.o
                0x00000000080005a8                main
 .text.NFCTAG_Init
                0x00000000080006f0       0x6c Core/Src/main.o
                0x00000000080006f0                NFCTAG_Init
 .text.Flash_write32
                0x000000000800075c       0x54 Core/Src/main.o
                0x000000000800075c                Flash_write32
 .text.Flash_write64
                0x00000000080007b0       0x50 Core/Src/main.o
                0x00000000080007b0                Flash_write64
 .text.Flash_Erase
                0x0000000008000800       0x64 Core/Src/main.o
                0x0000000008000800                Flash_Erase
 .text.Flash_Read32
                0x0000000008000864       0x14 Core/Src/main.o
                0x0000000008000864                Flash_Read32
 .text.Flash_Read64
                0x0000000008000878       0x18 Core/Src/main.o
                0x0000000008000878                Flash_Read64
 .text.CRC16    0x0000000008000890       0x84 Core/Src/main.o
                0x0000000008000890                CRC16
 .text.Make32   0x0000000008000914       0x58 Core/Src/main.o
                0x0000000008000914                Make32
 .text.Make64   0x000000000800096c       0xfa Core/Src/main.o
                0x000000000800096c                Make64
 *fill*         0x0000000008000a66        0x2 
 .text.NewAdmin
                0x0000000008000a68       0xa8 Core/Src/main.o
                0x0000000008000a68                NewAdmin
 .text.AdminLogin
                0x0000000008000b10       0xc0 Core/Src/main.o
                0x0000000008000b10                AdminLogin
 .text.SoftReset
                0x0000000008000bd0       0xf0 Core/Src/main.o
                0x0000000008000bd0                SoftReset
 .text.NewKey   0x0000000008000cc0      0x100 Core/Src/main.o
                0x0000000008000cc0                NewKey
 .text.DeleteKey
                0x0000000008000dc0       0xe8 Core/Src/main.o
                0x0000000008000dc0                DeleteKey
 .text.OpenDoor
                0x0000000008000ea8       0xb0 Core/Src/main.o
                0x0000000008000ea8                OpenDoor
 .text.Response
                0x0000000008000f58       0x90 Core/Src/main.o
                0x0000000008000f58                Response
 .text.Door_Log
                0x0000000008000fe8      0x100 Core/Src/main.o
                0x0000000008000fe8                Door_Log
 .text.Admin_Log
                0x00000000080010e8      0x128 Core/Src/main.o
                0x00000000080010e8                Admin_Log
 .text.Reset_Memory
                0x0000000008001210       0xec Core/Src/main.o
                0x0000000008001210                Reset_Memory
 .text.GetUID   0x00000000080012fc       0xc0 Core/Src/main.o
                0x00000000080012fc                GetUID
 .text.Read_Data
                0x00000000080013bc       0x78 Core/Src/main.o
                0x00000000080013bc                Read_Data
 .text.Write_Data
                0x0000000008001434       0x84 Core/Src/main.o
                0x0000000008001434                Write_Data
 .text.SystemClock_Config
                0x00000000080014b8       0xca Core/Src/main.o
                0x00000000080014b8                SystemClock_Config
 *fill*         0x0000000008001582        0x2 
 .text.MX_IWDG_Init
                0x0000000008001584       0x40 Core/Src/main.o
 .text.MX_GPIO_Init
                0x00000000080015c4       0xe0 Core/Src/main.o
 .text.Error_Handler
                0x00000000080016a4        0xa Core/Src/main.o
                0x00000000080016a4                Error_Handler
 *fill*         0x00000000080016ae        0x2 
 .text.HAL_MspInit
                0x00000000080016b0       0x48 Core/Src/stm32f0xx_hal_msp.o
                0x00000000080016b0                HAL_MspInit
 .text.NMI_Handler
                0x00000000080016f8        0xa Core/Src/stm32f0xx_it.o
                0x00000000080016f8                NMI_Handler
 .text.HardFault_Handler
                0x0000000008001702        0x6 Core/Src/stm32f0xx_it.o
                0x0000000008001702                HardFault_Handler
 .text.SVC_Handler
                0x0000000008001708        0xa Core/Src/stm32f0xx_it.o
                0x0000000008001708                SVC_Handler
 .text.PendSV_Handler
                0x0000000008001712        0xa Core/Src/stm32f0xx_it.o
                0x0000000008001712                PendSV_Handler
 .text.SysTick_Handler
                0x000000000800171c        0xe Core/Src/stm32f0xx_it.o
                0x000000000800171c                SysTick_Handler
 *fill*         0x000000000800172a        0x2 
 .text.EXTI0_1_IRQHandler
                0x000000000800172c       0x5c Core/Src/stm32f0xx_it.o
                0x000000000800172c                EXTI0_1_IRQHandler
 .text.SystemInit
                0x0000000008001788        0xa Core/Src/system_stm32f0xx.o
                0x0000000008001788                SystemInit
 *fill*         0x0000000008001792        0x2 
 .text.Reset_Handler
                0x0000000008001794       0x80 Core/Startup/startup_stm32f070f6px.o
                0x0000000008001794                Reset_Handler
 .text.Default_Handler
                0x0000000008001814        0x2 Core/Startup/startup_stm32f070f6px.o
                0x0000000008001814                TIM1_CC_IRQHandler
                0x0000000008001814                I2C1_IRQHandler
                0x0000000008001814                SPI1_IRQHandler
                0x0000000008001814                EXTI2_3_IRQHandler
                0x0000000008001814                ADC1_IRQHandler
                0x0000000008001814                TIM17_IRQHandler
                0x0000000008001814                RTC_IRQHandler
                0x0000000008001814                TIM16_IRQHandler
                0x0000000008001814                TIM3_IRQHandler
                0x0000000008001814                EXTI4_15_IRQHandler
                0x0000000008001814                RCC_IRQHandler
                0x0000000008001814                DMA1_Channel1_IRQHandler
                0x0000000008001814                Default_Handler
                0x0000000008001814                TIM14_IRQHandler
                0x0000000008001814                DMA1_Channel4_5_IRQHandler
                0x0000000008001814                USB_IRQHandler
                0x0000000008001814                WWDG_IRQHandler
                0x0000000008001814                DMA1_Channel2_3_IRQHandler
                0x0000000008001814                USART2_IRQHandler
                0x0000000008001814                FLASH_IRQHandler
                0x0000000008001814                USART1_IRQHandler
                0x0000000008001814                TIM1_BRK_UP_TRG_COM_IRQHandler
 *fill*         0x0000000008001816        0x2 
 .text.ST25DV_RegisterBusIO
                0x0000000008001818       0x90 Drivers/BSP/Components/ST25DV/st25dv.o
                0x0000000008001818                ST25DV_RegisterBusIO
 .text.ST25DV_Init
                0x00000000080018a8       0x46 Drivers/BSP/Components/ST25DV/st25dv.o
                0x00000000080018a8                ST25DV_Init
 .text.ST25DV_ReadID
                0x00000000080018ee       0x22 Drivers/BSP/Components/ST25DV/st25dv.o
                0x00000000080018ee                ST25DV_ReadID
 .text.ST25DV_IsDeviceReady
                0x0000000008001910       0x20 Drivers/BSP/Components/ST25DV/st25dv.o
                0x0000000008001910                ST25DV_IsDeviceReady
 .text.ST25DV_GetGPOStatus
                0x0000000008001930       0x3e Drivers/BSP/Components/ST25DV/st25dv.o
                0x0000000008001930                ST25DV_GetGPOStatus
 .text.ST25DV_ConfigureGPO
                0x000000000800196e       0x26 Drivers/BSP/Components/ST25DV/st25dv.o
                0x000000000800196e                ST25DV_ConfigureGPO
 .text.ST25DV_ReadData
                0x0000000008001994       0x34 Drivers/BSP/Components/ST25DV/st25dv.o
                0x0000000008001994                ST25DV_ReadData
 .text.ST25DV_WriteData
                0x00000000080019c8       0xfc Drivers/BSP/Components/ST25DV/st25dv.o
                0x00000000080019c8                ST25DV_WriteData
 .text.ST25DV_WriteRegister
                0x0000000008001ac4      0x100 Drivers/BSP/Components/ST25DV/st25dv.o
                0x0000000008001ac4                ST25DV_WriteRegister
 .text.ST25DV_PresentI2CPassword
                0x0000000008001bc4       0xbc Drivers/BSP/Components/ST25DV/st25dv.o
                0x0000000008001bc4                ST25DV_PresentI2CPassword
 .text.ST25DV_WriteMBMode
                0x0000000008001c80       0x34 Drivers/BSP/Components/ST25DV/st25dv.o
                0x0000000008001c80                ST25DV_WriteMBMode
 .text.ST25DV_ReadMailboxData
                0x0000000008001cb4       0x50 Drivers/BSP/Components/ST25DV/st25dv.o
                0x0000000008001cb4                ST25DV_ReadMailboxData
 .text.ST25DV_WriteMailboxData
                0x0000000008001d04       0x44 Drivers/BSP/Components/ST25DV/st25dv.o
                0x0000000008001d04                ST25DV_WriteMailboxData
 .text.ST25DV_SetMBEN_Dyn
                0x0000000008001d48       0x28 Drivers/BSP/Components/ST25DV/st25dv.o
                0x0000000008001d48                ST25DV_SetMBEN_Dyn
 .text.ReadRegWrap
                0x0000000008001d70       0x6c Drivers/BSP/Components/ST25DV/st25dv.o
 .text.WriteRegWrap
                0x0000000008001ddc       0xb4 Drivers/BSP/Components/ST25DV/st25dv.o
 .text.ST25DV_ReadReg
                0x0000000008001e90       0x3e Drivers/BSP/Components/ST25DV/st25dv_reg.o
                0x0000000008001e90                ST25DV_ReadReg
 .text.ST25DV_WriteReg
                0x0000000008001ece       0x3e Drivers/BSP/Components/ST25DV/st25dv_reg.o
                0x0000000008001ece                ST25DV_WriteReg
 .text.ST25DV_GetICREF
                0x0000000008001f0c       0x2a Drivers/BSP/Components/ST25DV/st25dv_reg.o
                0x0000000008001f0c                ST25DV_GetICREF
 .text.ST25DV_SetMB_MODE_RW
                0x0000000008001f36       0x66 Drivers/BSP/Components/ST25DV/st25dv_reg.o
                0x0000000008001f36                ST25DV_SetMB_MODE_RW
 .text.ST25DV_SetMB_CTRL_DYN_MBEN
                0x0000000008001f9c       0x6c Drivers/BSP/Components/ST25DV/st25dv_reg.o
                0x0000000008001f9c                ST25DV_SetMB_CTRL_DYN_MBEN
 .text.ST25DV_GetGPO_ALL
                0x0000000008002008       0x2a Drivers/BSP/Components/ST25DV/st25dv_reg.o
                0x0000000008002008                ST25DV_GetGPO_ALL
 .text.ST25DV_SetGPO_ALL
                0x0000000008002032       0x2a Drivers/BSP/Components/ST25DV/st25dv_reg.o
                0x0000000008002032                ST25DV_SetGPO_ALL
 .text.HAL_Init
                0x000000000800205c       0x28 Drivers/STM32F0xx_HAL_Driver/Src/stm32f0xx_hal.o
                0x000000000800205c                HAL_Init
 .text.HAL_InitTick
                0x0000000008002084       0x68 Drivers/STM32F0xx_HAL_Driver/Src/stm32f0xx_hal.o
                0x0000000008002084                HAL_InitTick
 .text.HAL_IncTick
                0x00000000080020ec       0x24 Drivers/STM32F0xx_HAL_Driver/Src/stm32f0xx_hal.o
                0x00000000080020ec                HAL_IncTick
 .text.HAL_GetTick
                0x0000000008002110       0x14 Drivers/STM32F0xx_HAL_Driver/Src/stm32f0xx_hal.o
                0x0000000008002110                HAL_GetTick
 .text.HAL_Delay
                0x0000000008002124       0x44 Drivers/STM32F0xx_HAL_Driver/Src/stm32f0xx_hal.o
                0x0000000008002124                HAL_Delay
 .text.HAL_GetUIDw0
                0x0000000008002168       0x14 Drivers/STM32F0xx_HAL_Driver/Src/stm32f0xx_hal.o
                0x0000000008002168                HAL_GetUIDw0
 .text.HAL_GetUIDw1
                0x000000000800217c       0x14 Drivers/STM32F0xx_HAL_Driver/Src/stm32f0xx_hal.o
                0x000000000800217c                HAL_GetUIDw1
 .text.HAL_GetUIDw2
                0x0000000008002190       0x14 Drivers/STM32F0xx_HAL_Driver/Src/stm32f0xx_hal.o
                0x0000000008002190                HAL_GetUIDw2
 .text.__NVIC_EnableIRQ
                0x00000000080021a4       0x34 Drivers/STM32F0xx_HAL_Driver/Src/stm32f0xx_hal_cortex.o
 .text.__NVIC_SetPriority
                0x00000000080021d8       0xdc Drivers/STM32F0xx_HAL_Driver/Src/stm32f0xx_hal_cortex.o
 .text.SysTick_Config
                0x00000000080022b4       0x48 Drivers/STM32F0xx_HAL_Driver/Src/stm32f0xx_hal_cortex.o
 .text.HAL_NVIC_SetPriority
                0x00000000080022fc       0x2a Drivers/STM32F0xx_HAL_Driver/Src/stm32f0xx_hal_cortex.o
                0x00000000080022fc                HAL_NVIC_SetPriority
 .text.HAL_NVIC_EnableIRQ
                0x0000000008002326       0x20 Drivers/STM32F0xx_HAL_Driver/Src/stm32f0xx_hal_cortex.o
                0x0000000008002326                HAL_NVIC_EnableIRQ
 .text.HAL_SYSTICK_Config
                0x0000000008002346       0x1a Drivers/STM32F0xx_HAL_Driver/Src/stm32f0xx_hal_cortex.o
                0x0000000008002346                HAL_SYSTICK_Config
 .text.HAL_EXTI_IRQHandler
                0x0000000008002360       0x48 Drivers/STM32F0xx_HAL_Driver/Src/stm32f0xx_hal_exti.o
                0x0000000008002360                HAL_EXTI_IRQHandler
 .text.HAL_FLASH_Program
                0x00000000080023a8      0x12c Drivers/STM32F0xx_HAL_Driver/Src/stm32f0xx_hal_flash.o
                0x00000000080023a8                HAL_FLASH_Program
 .text.HAL_FLASH_Unlock
                0x00000000080024d4       0x4c Drivers/STM32F0xx_HAL_Driver/Src/stm32f0xx_hal_flash.o
                0x00000000080024d4                HAL_FLASH_Unlock
 .text.HAL_FLASH_Lock
                0x0000000008002520       0x1c Drivers/STM32F0xx_HAL_Driver/Src/stm32f0xx_hal_flash.o
                0x0000000008002520                HAL_FLASH_Lock
 .text.FLASH_Program_HalfWord
                0x000000000800253c       0x38 Drivers/STM32F0xx_HAL_Driver/Src/stm32f0xx_hal_flash.o
 .text.FLASH_WaitForLastOperation
                0x0000000008002574       0x80 Drivers/STM32F0xx_HAL_Driver/Src/stm32f0xx_hal_flash.o
                0x0000000008002574                FLASH_WaitForLastOperation
 .text.FLASH_SetErrorCode
                0x00000000080025f4       0x60 Drivers/STM32F0xx_HAL_Driver/Src/stm32f0xx_hal_flash.o
 .text.HAL_FLASHEx_Erase
                0x0000000008002654       0xec Drivers/STM32F0xx_HAL_Driver/Src/stm32f0xx_hal_flash_ex.o
                0x0000000008002654                HAL_FLASHEx_Erase
 .text.FLASH_MassErase
                0x0000000008002740       0x30 Drivers/STM32F0xx_HAL_Driver/Src/stm32f0xx_hal_flash_ex.o
 .text.FLASH_PageErase
                0x0000000008002770       0x3c Drivers/STM32F0xx_HAL_Driver/Src/stm32f0xx_hal_flash_ex.o
                0x0000000008002770                FLASH_PageErase
 .text.HAL_GPIO_Init
                0x00000000080027ac      0x2e0 Drivers/STM32F0xx_HAL_Driver/Src/stm32f0xx_hal_gpio.o
                0x00000000080027ac                HAL_GPIO_Init
 .text.HAL_GPIO_DeInit
                0x0000000008002a8c      0x19c Drivers/STM32F0xx_HAL_Driver/Src/stm32f0xx_hal_gpio.o
                0x0000000008002a8c                HAL_GPIO_DeInit
 .text.HAL_GPIO_WritePin
                0x0000000008002c28       0x3a Drivers/STM32F0xx_HAL_Driver/Src/stm32f0xx_hal_gpio.o
                0x0000000008002c28                HAL_GPIO_WritePin
 *fill*         0x0000000008002c62        0x2 
 .text.HAL_I2C_Init
                0x0000000008002c64      0x12c Drivers/STM32F0xx_HAL_Driver/Src/stm32f0xx_hal_i2c.o
                0x0000000008002c64                HAL_I2C_Init
 .text.HAL_I2C_DeInit
                0x0000000008002d90       0x60 Drivers/STM32F0xx_HAL_Driver/Src/stm32f0xx_hal_i2c.o
                0x0000000008002d90                HAL_I2C_DeInit
 .text.HAL_I2C_MspInit
                0x0000000008002df0       0x10 Drivers/STM32F0xx_HAL_Driver/Src/stm32f0xx_hal_i2c.o
                0x0000000008002df0                HAL_I2C_MspInit
 .text.HAL_I2C_MspDeInit
                0x0000000008002e00       0x10 Drivers/STM32F0xx_HAL_Driver/Src/stm32f0xx_hal_i2c.o
                0x0000000008002e00                HAL_I2C_MspDeInit
 .text.HAL_I2C_Mem_Write
                0x0000000008002e10      0x25c Drivers/STM32F0xx_HAL_Driver/Src/stm32f0xx_hal_i2c.o
                0x0000000008002e10                HAL_I2C_Mem_Write
 .text.HAL_I2C_Mem_Read
                0x000000000800306c      0x268 Drivers/STM32F0xx_HAL_Driver/Src/stm32f0xx_hal_i2c.o
                0x000000000800306c                HAL_I2C_Mem_Read
 .text.HAL_I2C_IsDeviceReady
                0x00000000080032d4      0x234 Drivers/STM32F0xx_HAL_Driver/Src/stm32f0xx_hal_i2c.o
                0x00000000080032d4                HAL_I2C_IsDeviceReady
 .text.HAL_I2C_GetState
                0x0000000008003508       0x18 Drivers/STM32F0xx_HAL_Driver/Src/stm32f0xx_hal_i2c.o
                0x0000000008003508                HAL_I2C_GetState
 .text.HAL_I2C_GetError
                0x0000000008003520       0x14 Drivers/STM32F0xx_HAL_Driver/Src/stm32f0xx_hal_i2c.o
                0x0000000008003520                HAL_I2C_GetError
 .text.I2C_RequestMemoryWrite
                0x0000000008003534       0xc8 Drivers/STM32F0xx_HAL_Driver/Src/stm32f0xx_hal_i2c.o
 .text.I2C_RequestMemoryRead
                0x00000000080035fc       0xc4 Drivers/STM32F0xx_HAL_Driver/Src/stm32f0xx_hal_i2c.o
 .text.I2C_Flush_TXDR
                0x00000000080036c0       0x44 Drivers/STM32F0xx_HAL_Driver/Src/stm32f0xx_hal_i2c.o
 .text.I2C_WaitOnFlagUntilTimeout
                0x0000000008003704       0x7e Drivers/STM32F0xx_HAL_Driver/Src/stm32f0xx_hal_i2c.o
 .text.I2C_WaitOnTXISFlagUntilTimeout
                0x0000000008003782       0x7e Drivers/STM32F0xx_HAL_Driver/Src/stm32f0xx_hal_i2c.o
 .text.I2C_WaitOnSTOPFlagUntilTimeout
                0x0000000008003800       0x78 Drivers/STM32F0xx_HAL_Driver/Src/stm32f0xx_hal_i2c.o
 .text.I2C_IsAcknowledgeFailed
                0x0000000008003878       0xcc Drivers/STM32F0xx_HAL_Driver/Src/stm32f0xx_hal_i2c.o
 .text.I2C_TransferConfig
                0x0000000008003944       0x6c Drivers/STM32F0xx_HAL_Driver/Src/stm32f0xx_hal_i2c.o
 .text.HAL_I2CEx_ConfigAnalogFilter
                0x00000000080039b0       0x98 Drivers/STM32F0xx_HAL_Driver/Src/stm32f0xx_hal_i2c_ex.o
                0x00000000080039b0                HAL_I2CEx_ConfigAnalogFilter
 .text.HAL_I2CEx_ConfigDigitalFilter
                0x0000000008003a48       0x98 Drivers/STM32F0xx_HAL_Driver/Src/stm32f0xx_hal_i2c_ex.o
                0x0000000008003a48                HAL_I2CEx_ConfigDigitalFilter
 .text.HAL_IWDG_Init
                0x0000000008003ae0       0x94 Drivers/STM32F0xx_HAL_Driver/Src/stm32f0xx_hal_iwdg.o
                0x0000000008003ae0                HAL_IWDG_Init
 .text.HAL_IWDG_Refresh
                0x0000000008003b74       0x20 Drivers/STM32F0xx_HAL_Driver/Src/stm32f0xx_hal_iwdg.o
                0x0000000008003b74                HAL_IWDG_Refresh
 .text.HAL_RCC_OscConfig
                0x0000000008003b94      0x63c Drivers/STM32F0xx_HAL_Driver/Src/stm32f0xx_hal_rcc.o
                0x0000000008003b94                HAL_RCC_OscConfig
 .text.HAL_RCC_ClockConfig
                0x00000000080041d0      0x19c Drivers/STM32F0xx_HAL_Driver/Src/stm32f0xx_hal_rcc.o
                0x00000000080041d0                HAL_RCC_ClockConfig
 .text.HAL_RCC_GetSysClockFreq
                0x000000000800436c       0xcc Drivers/STM32F0xx_HAL_Driver/Src/stm32f0xx_hal_rcc.o
                0x000000000800436c                HAL_RCC_GetSysClockFreq
 .text.HAL_RCCEx_PeriphCLKConfig
                0x0000000008004438      0x1bc Drivers/STM32F0xx_HAL_Driver/Src/stm32f0xx_hal_rcc_ex.o
                0x0000000008004438                HAL_RCCEx_PeriphCLKConfig
 .text.CUSTOM_NFCTAG_Init
                0x00000000080045f4       0xb8 NFC/custom_nfc04a1_nfctag.o
                0x00000000080045f4                CUSTOM_NFCTAG_Init
 .text.CUSTOM_NFCTAG_ReadData
                0x00000000080046ac       0x50 NFC/custom_nfc04a1_nfctag.o
                0x00000000080046ac                CUSTOM_NFCTAG_ReadData
 .text.CUSTOM_NFCTAG_WriteData
                0x00000000080046fc       0x50 NFC/custom_nfc04a1_nfctag.o
                0x00000000080046fc                CUSTOM_NFCTAG_WriteData
 .text.CUSTOM_NFCTAG_WriteRegister
                0x000000000800474c       0x5c NFC/custom_nfc04a1_nfctag.o
                0x000000000800474c                CUSTOM_NFCTAG_WriteRegister
 .text.CUSTOM_NFCTAG_PresentI2CPassword
                0x00000000080047a8       0x28 NFC/custom_nfc04a1_nfctag.o
                0x00000000080047a8                CUSTOM_NFCTAG_PresentI2CPassword
 .text.CUSTOM_NFCTAG_WriteMBMode
                0x00000000080047d0       0x2c NFC/custom_nfc04a1_nfctag.o
                0x00000000080047d0                CUSTOM_NFCTAG_WriteMBMode
 .text.CUSTOM_NFCTAG_ReadMailboxData
                0x00000000080047fc       0x38 NFC/custom_nfc04a1_nfctag.o
                0x00000000080047fc                CUSTOM_NFCTAG_ReadMailboxData
 .text.CUSTOM_NFCTAG_WriteMailboxData
                0x0000000008004834       0x2c NFC/custom_nfc04a1_nfctag.o
                0x0000000008004834                CUSTOM_NFCTAG_WriteMailboxData
 .text.CUSTOM_NFCTAG_SetMBEN_Dyn
                0x0000000008004860       0x20 NFC/custom_nfc04a1_nfctag.o
                0x0000000008004860                CUSTOM_NFCTAG_SetMBEN_Dyn
 .text.__libc_init_array
                0x0000000008004880       0x48 c:/st/stm32cubeide_1.0.1/stm32cubeide/plugins/com.st.stm32cube.ide.mcu.externaltools.gnu-tools-for-stm32.7-2018-q2-update.win32_1.0.0.201904181610/tools/bin/../lib/gcc/arm-none-eabi/7.3.1/../../../../arm-none-eabi/lib/thumb/v6-m\libc_nano.a(lib_a-init.o)
                0x0000000008004880                __libc_init_array
 .text.memset   0x00000000080048c8       0x10 c:/st/stm32cubeide_1.0.1/stm32cubeide/plugins/com.st.stm32cube.ide.mcu.externaltools.gnu-tools-for-stm32.7-2018-q2-update.win32_1.0.0.201904181610/tools/bin/../lib/gcc/arm-none-eabi/7.3.1/../../../../arm-none-eabi/lib/thumb/v6-m\libc_nano.a(lib_a-memset.o)
                0x00000000080048c8                memset
 *(.glue_7)
 .glue_7        0x00000000080048d8        0x0 linker stubs
 *(.glue_7t)
 .glue_7t       0x00000000080048d8        0x0 linker stubs
 *(.eh_frame)
 .eh_frame      0x00000000080048d8        0x0 c:/st/stm32cubeide_1.0.1/stm32cubeide/plugins/com.st.stm32cube.ide.mcu.externaltools.gnu-tools-for-stm32.7-2018-q2-update.win32_1.0.0.201904181610/tools/bin/../lib/gcc/arm-none-eabi/7.3.1/thumb/v6-m/crtbegin.o
 *(.init)
 .init          0x00000000080048d8        0x4 c:/st/stm32cubeide_1.0.1/stm32cubeide/plugins/com.st.stm32cube.ide.mcu.externaltools.gnu-tools-for-stm32.7-2018-q2-update.win32_1.0.0.201904181610/tools/bin/../lib/gcc/arm-none-eabi/7.3.1/thumb/v6-m/crti.o
                0x00000000080048d8                _init
 .init          0x00000000080048dc        0x8 c:/st/stm32cubeide_1.0.1/stm32cubeide/plugins/com.st.stm32cube.ide.mcu.externaltools.gnu-tools-for-stm32.7-2018-q2-update.win32_1.0.0.201904181610/tools/bin/../lib/gcc/arm-none-eabi/7.3.1/thumb/v6-m/crtn.o
 *(.fini)
 .fini          0x00000000080048e4        0x4 c:/st/stm32cubeide_1.0.1/stm32cubeide/plugins/com.st.stm32cube.ide.mcu.externaltools.gnu-tools-for-stm32.7-2018-q2-update.win32_1.0.0.201904181610/tools/bin/../lib/gcc/arm-none-eabi/7.3.1/thumb/v6-m/crti.o
                0x00000000080048e4                _fini
 .fini          0x00000000080048e8        0x8 c:/st/stm32cubeide_1.0.1/stm32cubeide/plugins/com.st.stm32cube.ide.mcu.externaltools.gnu-tools-for-stm32.7-2018-q2-update.win32_1.0.0.201904181610/tools/bin/../lib/gcc/arm-none-eabi/7.3.1/thumb/v6-m/crtn.o
                0x00000000080048f0                . = ALIGN (0x4)
                0x00000000080048f0                _etext = .

.vfp11_veneer   0x00000000080048f0        0x0
 .vfp11_veneer  0x00000000080048f0        0x0 linker stubs

.v4_bx          0x00000000080048f0        0x0
 .v4_bx         0x00000000080048f0        0x0 linker stubs

.iplt           0x00000000080048f0        0x0
 .iplt          0x00000000080048f0        0x0 c:/st/stm32cubeide_1.0.1/stm32cubeide/plugins/com.st.stm32cube.ide.mcu.externaltools.gnu-tools-for-stm32.7-2018-q2-update.win32_1.0.0.201904181610/tools/bin/../lib/gcc/arm-none-eabi/7.3.1/thumb/v6-m/crtbegin.o

.rodata         0x00000000080048f0      0x27c
                0x00000000080048f0                . = ALIGN (0x4)
 *(.rodata)
 .rodata        0x00000000080048f0       0x20 Drivers/STM32F0xx_HAL_Driver/Src/stm32f0xx_hal_rcc.o
 *(.rodata*)
 .rodata.aucCRCHi
                0x0000000008004910      0x100 Core/Src/main.o
 .rodata.aucCRCLo
                0x0000000008004a10      0x100 Core/Src/main.o
 .rodata.main   0x0000000008004b10       0x4c Core/Src/main.o
 .rodata.AHBPrescTable
                0x0000000008004b5c       0x10 Core/Src/system_stm32f0xx.o
                0x0000000008004b5c                AHBPrescTable
                0x0000000008004b6c                . = ALIGN (0x4)

.rel.dyn        0x0000000008004b6c        0x0
 .rel.iplt      0x0000000008004b6c        0x0 c:/st/stm32cubeide_1.0.1/stm32cubeide/plugins/com.st.stm32cube.ide.mcu.externaltools.gnu-tools-for-stm32.7-2018-q2-update.win32_1.0.0.201904181610/tools/bin/../lib/gcc/arm-none-eabi/7.3.1/thumb/v6-m/crtbegin.o

.ARM.extab      0x0000000008004b6c        0x0
                0x0000000008004b6c                . = ALIGN (0x4)
 *(.ARM.extab* .gnu.linkonce.armextab.*)
                0x0000000008004b6c                . = ALIGN (0x4)

.ARM            0x0000000008004b6c        0x0
                0x0000000008004b6c                . = ALIGN (0x4)
                0x0000000008004b6c                __exidx_start = .
 *(.ARM.exidx*)
                0x0000000008004b6c                __exidx_end = .
                0x0000000008004b6c                . = ALIGN (0x4)

.preinit_array  0x0000000008004b6c        0x0
                0x0000000008004b6c                . = ALIGN (0x4)
                0x0000000008004b6c                PROVIDE (__preinit_array_start = .)
 *(.preinit_array*)
                0x0000000008004b6c                PROVIDE (__preinit_array_end = .)
                0x0000000008004b6c                . = ALIGN (0x4)

.init_array     0x0000000008004b6c        0x4
                0x0000000008004b6c                . = ALIGN (0x4)
                0x0000000008004b6c                PROVIDE (__init_array_start = .)
 *(SORT_BY_NAME(.init_array.*))
 *(.init_array*)
 .init_array    0x0000000008004b6c        0x4 c:/st/stm32cubeide_1.0.1/stm32cubeide/plugins/com.st.stm32cube.ide.mcu.externaltools.gnu-tools-for-stm32.7-2018-q2-update.win32_1.0.0.201904181610/tools/bin/../lib/gcc/arm-none-eabi/7.3.1/thumb/v6-m/crtbegin.o
                0x0000000008004b70                PROVIDE (__init_array_end = .)
                0x0000000008004b70                . = ALIGN (0x4)

.fini_array     0x0000000008004b70        0x4
                0x0000000008004b70                . = ALIGN (0x4)
                [!provide]                        PROVIDE (__fini_array_start = .)
 *(SORT_BY_NAME(.fini_array.*))
 *(.fini_array*)
 .fini_array    0x0000000008004b70        0x4 c:/st/stm32cubeide_1.0.1/stm32cubeide/plugins/com.st.stm32cube.ide.mcu.externaltools.gnu-tools-for-stm32.7-2018-q2-update.win32_1.0.0.201904181610/tools/bin/../lib/gcc/arm-none-eabi/7.3.1/thumb/v6-m/crtbegin.o
                [!provide]                        PROVIDE (__fini_array_end = .)
                0x0000000008004b74                . = ALIGN (0x4)
                0x0000000008004b74                _sidata = LOADADDR (.data)

.data           0x0000000020000000       0x34 load address 0x0000000008004b74
                0x0000000020000000                . = ALIGN (0x4)
                0x0000000020000000                _sdata = .
 *(.data)
 *(.data*)
 .data.res      0x0000000020000000        0x4 Core/Src/main.o
                0x0000000020000000                res
 .data.SystemCoreClock
                0x0000000020000004        0x4 Core/Src/system_stm32f0xx.o
                0x0000000020000004                SystemCoreClock
 .data.St25Dv_Drv
                0x0000000020000008       0x1c Drivers/BSP/Components/ST25DV/st25dv.o
                0x0000000020000008                St25Dv_Drv
 .data.uwTickPrio
                0x0000000020000024        0x4 Drivers/STM32F0xx_HAL_Driver/Src/stm32f0xx_hal.o
                0x0000000020000024                uwTickPrio
 .data.uwTickFreq
                0x0000000020000028        0x1 Drivers/STM32F0xx_HAL_Driver/Src/stm32f0xx_hal.o
                0x0000000020000028                uwTickFreq
 *fill*         0x0000000020000029        0x3 
 .data.GPO_EXTI
                0x000000002000002c        0x8 NFC/custom_nfc04a1.o
                0x000000002000002c                GPO_EXTI
                0x0000000020000034                . = ALIGN (0x4)
                0x0000000020000034                _edata = .

.igot.plt       0x0000000020000034        0x0 load address 0x0000000008004ba8
 .igot.plt      0x0000000020000034        0x0 c:/st/stm32cubeide_1.0.1/stm32cubeide/plugins/com.st.stm32cube.ide.mcu.externaltools.gnu-tools-for-stm32.7-2018-q2-update.win32_1.0.0.201904181610/tools/bin/../lib/gcc/arm-none-eabi/7.3.1/thumb/v6-m/crtbegin.o
                0x0000000020000034                . = ALIGN (0x4)

.bss            0x0000000020000038      0x538 load address 0x0000000008004ba8
                0x0000000020000038                _sbss = .
                0x0000000020000038                __bss_start__ = _sbss
 *(.bss)
 .bss           0x0000000020000038       0x1c c:/st/stm32cubeide_1.0.1/stm32cubeide/plugins/com.st.stm32cube.ide.mcu.externaltools.gnu-tools-for-stm32.7-2018-q2-update.win32_1.0.0.201904181610/tools/bin/../lib/gcc/arm-none-eabi/7.3.1/thumb/v6-m/crtbegin.o
 *(.bss*)
 .bss.I2C1InitCounter
                0x0000000020000054        0x4 Core/Src/custom_bus.o
 .bss.Timer     0x0000000020000058        0x4 Core/Src/main.o
                0x0000000020000058                Timer
 .bss.Log_Timer
                0x000000002000005c        0x4 Core/Src/main.o
                0x000000002000005c                Log_Timer
 .bss.Log_Timer_flag
                0x0000000020000060        0x1 Core/Src/main.o
                0x0000000020000060                Log_Timer_flag
 *fill*         0x0000000020000061        0x3 
 .bss.cc        0x0000000020000064        0x4 Core/Src/main.o
                0x0000000020000064                cc
 .bss.flag      0x0000000020000068        0x1 Core/Src/main.o
                0x0000000020000068                flag
 *fill*         0x0000000020000069        0x3 
 .bss.Nfctag_Drv
                0x000000002000006c        0x4 NFC/custom_nfc04a1_nfctag.o
 .bss.NfcTagObj
                0x0000000020000070       0x28 NFC/custom_nfc04a1_nfctag.o
 *(COMMON)
 COMMON         0x0000000020000098       0x4c Core/Src/custom_bus.o
                0x0000000020000098                hi2c1
 *fill*         0x00000000200000e4        0x4 
 COMMON         0x00000000200000e8      0x45e Core/Src/main.o
                0x00000000200000e8                uid
                0x00000000200000f4                pass
                0x00000000200000fc                hiwdg
                0x0000000020000110                Admin_Pass
                0x0000000020000118                buffer
                0x0000000020000138                Keys
                0x0000000020000538                Admin_Id
                0x0000000020000540                status
 *fill*         0x0000000020000546        0x2 
 COMMON         0x0000000020000548        0x4 Drivers/STM32F0xx_HAL_Driver/Src/stm32f0xx_hal.o
                0x0000000020000548                uwTick
 *fill*         0x000000002000054c        0x4 
 COMMON         0x0000000020000550       0x20 Drivers/STM32F0xx_HAL_Driver/Src/stm32f0xx_hal_flash.o
                0x0000000020000550                pFlash
                0x0000000020000570                . = ALIGN (0x4)
                0x0000000020000570                _ebss = .
                0x0000000020000570                __bss_end__ = _ebss

._user_heap_stack
                0x0000000020000570      0x600 load address 0x0000000008004ba8
                0x0000000020000570                . = ALIGN (0x8)
                [!provide]                        PROVIDE (end = .)
                0x0000000020000570                PROVIDE (_end = .)
                0x0000000020000770                . = (. + _Min_Heap_Size)
 *fill*         0x0000000020000570      0x200 
                0x0000000020000b70                . = (. + _Min_Stack_Size)
 *fill*         0x0000000020000770      0x400 
                0x0000000020000b70                . = ALIGN (0x8)

/DISCARD/
 libc.a(*)
 libm.a(*)
 libgcc.a(*)

.ARM.attributes
                0x0000000000000000       0x28
 *(.ARM.attributes)
 .ARM.attributes
                0x0000000000000000       0x1e c:/st/stm32cubeide_1.0.1/stm32cubeide/plugins/com.st.stm32cube.ide.mcu.externaltools.gnu-tools-for-stm32.7-2018-q2-update.win32_1.0.0.201904181610/tools/bin/../lib/gcc/arm-none-eabi/7.3.1/thumb/v6-m/crti.o
 .ARM.attributes
                0x000000000000001e       0x2c c:/st/stm32cubeide_1.0.1/stm32cubeide/plugins/com.st.stm32cube.ide.mcu.externaltools.gnu-tools-for-stm32.7-2018-q2-update.win32_1.0.0.201904181610/tools/bin/../lib/gcc/arm-none-eabi/7.3.1/thumb/v6-m/crtbegin.o
 .ARM.attributes
                0x000000000000004a       0x31 Core/Src/custom_bus.o
 .ARM.attributes
                0x000000000000007b       0x31 Core/Src/main.o
 .ARM.attributes
                0x00000000000000ac       0x31 Core/Src/stm32f0xx_hal_msp.o
 .ARM.attributes
                0x00000000000000dd       0x31 Core/Src/stm32f0xx_it.o
 .ARM.attributes
                0x000000000000010e       0x31 Core/Src/system_stm32f0xx.o
 .ARM.attributes
                0x000000000000013f       0x21 Core/Startup/startup_stm32f070f6px.o
 .ARM.attributes
                0x0000000000000160       0x31 Drivers/BSP/Components/ST25DV/st25dv.o
 .ARM.attributes
                0x0000000000000191       0x31 Drivers/BSP/Components/ST25DV/st25dv_reg.o
 .ARM.attributes
                0x00000000000001c2       0x31 Drivers/STM32F0xx_HAL_Driver/Src/stm32f0xx_hal.o
 .ARM.attributes
                0x00000000000001f3       0x31 Drivers/STM32F0xx_HAL_Driver/Src/stm32f0xx_hal_cortex.o
 .ARM.attributes
                0x0000000000000224       0x31 Drivers/STM32F0xx_HAL_Driver/Src/stm32f0xx_hal_exti.o
 .ARM.attributes
                0x0000000000000255       0x31 Drivers/STM32F0xx_HAL_Driver/Src/stm32f0xx_hal_flash.o
 .ARM.attributes
                0x0000000000000286       0x31 Drivers/STM32F0xx_HAL_Driver/Src/stm32f0xx_hal_flash_ex.o
 .ARM.attributes
                0x00000000000002b7       0x31 Drivers/STM32F0xx_HAL_Driver/Src/stm32f0xx_hal_gpio.o
 .ARM.attributes
                0x00000000000002e8       0x31 Drivers/STM32F0xx_HAL_Driver/Src/stm32f0xx_hal_i2c.o
 .ARM.attributes
                0x0000000000000319       0x31 Drivers/STM32F0xx_HAL_Driver/Src/stm32f0xx_hal_i2c_ex.o
 .ARM.attributes
                0x000000000000034a       0x31 Drivers/STM32F0xx_HAL_Driver/Src/stm32f0xx_hal_iwdg.o
 .ARM.attributes
                0x000000000000037b       0x31 Drivers/STM32F0xx_HAL_Driver/Src/stm32f0xx_hal_rcc.o
 .ARM.attributes
                0x00000000000003ac       0x31 Drivers/STM32F0xx_HAL_Driver/Src/stm32f0xx_hal_rcc_ex.o
 .ARM.attributes
                0x00000000000003dd       0x31 NFC/custom_nfc04a1.o
 .ARM.attributes
                0x000000000000040e       0x31 NFC/custom_nfc04a1_nfctag.o
 .ARM.attributes
                0x000000000000043f       0x2c c:/st/stm32cubeide_1.0.1/stm32cubeide/plugins/com.st.stm32cube.ide.mcu.externaltools.gnu-tools-for-stm32.7-2018-q2-update.win32_1.0.0.201904181610/tools/bin/../lib/gcc/arm-none-eabi/7.3.1/../../../../arm-none-eabi/lib/thumb/v6-m\libc_nano.a(lib_a-init.o)
 .ARM.attributes
                0x000000000000046b       0x2c c:/st/stm32cubeide_1.0.1/stm32cubeide/plugins/com.st.stm32cube.ide.mcu.externaltools.gnu-tools-for-stm32.7-2018-q2-update.win32_1.0.0.201904181610/tools/bin/../lib/gcc/arm-none-eabi/7.3.1/../../../../arm-none-eabi/lib/thumb/v6-m\libc_nano.a(lib_a-memset.o)
 .ARM.attributes
                0x0000000000000497       0x1e c:/st/stm32cubeide_1.0.1/stm32cubeide/plugins/com.st.stm32cube.ide.mcu.externaltools.gnu-tools-for-stm32.7-2018-q2-update.win32_1.0.0.201904181610/tools/bin/../lib/gcc/arm-none-eabi/7.3.1/thumb/v6-m\libgcc.a(_udivsi3.o)
 .ARM.attributes
                0x00000000000004b5       0x1e c:/st/stm32cubeide_1.0.1/stm32cubeide/plugins/com.st.stm32cube.ide.mcu.externaltools.gnu-tools-for-stm32.7-2018-q2-update.win32_1.0.0.201904181610/tools/bin/../lib/gcc/arm-none-eabi/7.3.1/thumb/v6-m\libgcc.a(_dvmd_tls.o)
 .ARM.attributes
                0x00000000000004d3       0x1e c:/st/stm32cubeide_1.0.1/stm32cubeide/plugins/com.st.stm32cube.ide.mcu.externaltools.gnu-tools-for-stm32.7-2018-q2-update.win32_1.0.0.201904181610/tools/bin/../lib/gcc/arm-none-eabi/7.3.1/thumb/v6-m/crtn.o
OUTPUT(NFC_V0.2.elf elf32-littlearm)

.debug_info     0x0000000000000000    0x10b07
 .debug_info    0x0000000000000000      0xbf0 Core/Src/custom_bus.o
 .debug_info    0x0000000000000bf0     0x1a48 Core/Src/main.o
 .debug_info    0x0000000000002638      0x7a5 Core/Src/stm32f0xx_hal_msp.o
 .debug_info    0x0000000000002ddd      0x762 Core/Src/stm32f0xx_it.o
 .debug_info    0x000000000000353f      0x29e Core/Src/system_stm32f0xx.o
 .debug_info    0x00000000000037dd       0x22 Core/Startup/startup_stm32f070f6px.o
 .debug_info    0x00000000000037ff     0x22b1 Drivers/BSP/Components/ST25DV/st25dv.o
 .debug_info    0x0000000000005ab0     0x2417 Drivers/BSP/Components/ST25DV/st25dv_reg.o
 .debug_info    0x0000000000007ec7      0x673 Drivers/STM32F0xx_HAL_Driver/Src/stm32f0xx_hal.o
 .debug_info    0x000000000000853a      0x750 Drivers/STM32F0xx_HAL_Driver/Src/stm32f0xx_hal_cortex.o
 .debug_info    0x0000000000008c8a      0x59b Drivers/STM32F0xx_HAL_Driver/Src/stm32f0xx_hal_exti.o
 .debug_info    0x0000000000009225      0x574 Drivers/STM32F0xx_HAL_Driver/Src/stm32f0xx_hal_flash.o
 .debug_info    0x0000000000009799      0x732 Drivers/STM32F0xx_HAL_Driver/Src/stm32f0xx_hal_flash_ex.o
 .debug_info    0x0000000000009ecb      0x661 Drivers/STM32F0xx_HAL_Driver/Src/stm32f0xx_hal_gpio.o
 .debug_info    0x000000000000a52c     0x1f39 Drivers/STM32F0xx_HAL_Driver/Src/stm32f0xx_hal_i2c.o
 .debug_info    0x000000000000c465      0x86a Drivers/STM32F0xx_HAL_Driver/Src/stm32f0xx_hal_i2c_ex.o
 .debug_info    0x000000000000cccf      0x29c Drivers/STM32F0xx_HAL_Driver/Src/stm32f0xx_hal_iwdg.o
 .debug_info    0x000000000000cf6b      0x80a Drivers/STM32F0xx_HAL_Driver/Src/stm32f0xx_hal_rcc.o
 .debug_info    0x000000000000d775      0x405 Drivers/STM32F0xx_HAL_Driver/Src/stm32f0xx_hal_rcc_ex.o
 .debug_info    0x000000000000db7a      0xd17 NFC/custom_nfc04a1.o
 .debug_info    0x000000000000e891     0x2276 NFC/custom_nfc04a1_nfctag.o

.debug_abbrev   0x0000000000000000     0x2552
 .debug_abbrev  0x0000000000000000      0x250 Core/Src/custom_bus.o
 .debug_abbrev  0x0000000000000250      0x303 Core/Src/main.o
 .debug_abbrev  0x0000000000000553      0x175 Core/Src/stm32f0xx_hal_msp.o
 .debug_abbrev  0x00000000000006c8      0x1b4 Core/Src/stm32f0xx_it.o
 .debug_abbrev  0x000000000000087c      0x12b Core/Src/system_stm32f0xx.o
 .debug_abbrev  0x00000000000009a7       0x12 Core/Startup/startup_stm32f070f6px.o
 .debug_abbrev  0x00000000000009b9      0x1dd Drivers/BSP/Components/ST25DV/st25dv.o
 .debug_abbrev  0x0000000000000b96      0x138 Drivers/BSP/Components/ST25DV/st25dv_reg.o
 .debug_abbrev  0x0000000000000cce      0x1f2 Drivers/STM32F0xx_HAL_Driver/Src/stm32f0xx_hal.o
 .debug_abbrev  0x0000000000000ec0      0x273 Drivers/STM32F0xx_HAL_Driver/Src/stm32f0xx_hal_cortex.o
 .debug_abbrev  0x0000000000001133      0x1a0 Drivers/STM32F0xx_HAL_Driver/Src/stm32f0xx_hal_exti.o
 .debug_abbrev  0x00000000000012d3      0x205 Drivers/STM32F0xx_HAL_Driver/Src/stm32f0xx_hal_flash.o
 .debug_abbrev  0x00000000000014d8      0x1f0 Drivers/STM32F0xx_HAL_Driver/Src/stm32f0xx_hal_flash_ex.o
 .debug_abbrev  0x00000000000016c8      0x1c0 Drivers/STM32F0xx_HAL_Driver/Src/stm32f0xx_hal_gpio.o
 .debug_abbrev  0x0000000000001888      0x239 Drivers/STM32F0xx_HAL_Driver/Src/stm32f0xx_hal_i2c.o
 .debug_abbrev  0x0000000000001ac1      0x1c8 Drivers/STM32F0xx_HAL_Driver/Src/stm32f0xx_hal_i2c_ex.o
 .debug_abbrev  0x0000000000001c89      0x147 Drivers/STM32F0xx_HAL_Driver/Src/stm32f0xx_hal_iwdg.o
 .debug_abbrev  0x0000000000001dd0      0x20f Drivers/STM32F0xx_HAL_Driver/Src/stm32f0xx_hal_rcc.o
 .debug_abbrev  0x0000000000001fdf      0x175 Drivers/STM32F0xx_HAL_Driver/Src/stm32f0xx_hal_rcc_ex.o
 .debug_abbrev  0x0000000000002154      0x1e8 NFC/custom_nfc04a1.o
 .debug_abbrev  0x000000000000233c      0x216 NFC/custom_nfc04a1_nfctag.o

.debug_aranges  0x0000000000000000     0x1358
 .debug_aranges
                0x0000000000000000       0x80 Core/Src/custom_bus.o
 .debug_aranges
                0x0000000000000080       0xf8 Core/Src/main.o
 .debug_aranges
                0x0000000000000178       0x20 Core/Src/stm32f0xx_hal_msp.o
 .debug_aranges
                0x0000000000000198       0x48 Core/Src/stm32f0xx_it.o
 .debug_aranges
                0x00000000000001e0       0x28 Core/Src/system_stm32f0xx.o
 .debug_aranges
                0x0000000000000208       0x28 Core/Startup/startup_stm32f070f6px.o
 .debug_aranges
                0x0000000000000230      0x290 Drivers/BSP/Components/ST25DV/st25dv.o
 .debug_aranges
                0x00000000000004c0      0x498 Drivers/BSP/Components/ST25DV/st25dv_reg.o
 .debug_aranges
                0x0000000000000958       0xd0 Drivers/STM32F0xx_HAL_Driver/Src/stm32f0xx_hal.o
 .debug_aranges
                0x0000000000000a28       0xc0 Drivers/STM32F0xx_HAL_Driver/Src/stm32f0xx_hal_cortex.o
 .debug_aranges
                0x0000000000000ae8       0x60 Drivers/STM32F0xx_HAL_Driver/Src/stm32f0xx_hal_exti.o
 .debug_aranges
                0x0000000000000b48       0x88 Drivers/STM32F0xx_HAL_Driver/Src/stm32f0xx_hal_flash.o
 .debug_aranges
                0x0000000000000bd0       0x98 Drivers/STM32F0xx_HAL_Driver/Src/stm32f0xx_hal_flash_ex.o
 .debug_aranges
                0x0000000000000c68       0x58 Drivers/STM32F0xx_HAL_Driver/Src/stm32f0xx_hal_gpio.o
 .debug_aranges
                0x0000000000000cc0      0x288 Drivers/STM32F0xx_HAL_Driver/Src/stm32f0xx_hal_i2c.o
 .debug_aranges
                0x0000000000000f48       0x38 Drivers/STM32F0xx_HAL_Driver/Src/stm32f0xx_hal_i2c_ex.o
 .debug_aranges
                0x0000000000000f80       0x28 Drivers/STM32F0xx_HAL_Driver/Src/stm32f0xx_hal_iwdg.o
 .debug_aranges
                0x0000000000000fa8       0x80 Drivers/STM32F0xx_HAL_Driver/Src/stm32f0xx_hal_rcc.o
 .debug_aranges
                0x0000000000001028       0x30 Drivers/STM32F0xx_HAL_Driver/Src/stm32f0xx_hal_rcc_ex.o
 .debug_aranges
                0x0000000000001058       0x70 NFC/custom_nfc04a1.o
 .debug_aranges
                0x00000000000010c8      0x290 NFC/custom_nfc04a1_nfctag.o

.debug_ranges   0x0000000000000000     0x1210
 .debug_ranges  0x0000000000000000       0x70 Core/Src/custom_bus.o
 .debug_ranges  0x0000000000000070       0xe8 Core/Src/main.o
 .debug_ranges  0x0000000000000158       0x10 Core/Src/stm32f0xx_hal_msp.o
 .debug_ranges  0x0000000000000168       0x38 Core/Src/stm32f0xx_it.o
 .debug_ranges  0x00000000000001a0       0x18 Core/Src/system_stm32f0xx.o
 .debug_ranges  0x00000000000001b8       0x20 Core/Startup/startup_stm32f070f6px.o
 .debug_ranges  0x00000000000001d8      0x280 Drivers/BSP/Components/ST25DV/st25dv.o
 .debug_ranges  0x0000000000000458      0x488 Drivers/BSP/Components/ST25DV/st25dv_reg.o
 .debug_ranges  0x00000000000008e0       0xc0 Drivers/STM32F0xx_HAL_Driver/Src/stm32f0xx_hal.o
 .debug_ranges  0x00000000000009a0       0xb0 Drivers/STM32F0xx_HAL_Driver/Src/stm32f0xx_hal_cortex.o
 .debug_ranges  0x0000000000000a50       0x50 Drivers/STM32F0xx_HAL_Driver/Src/stm32f0xx_hal_exti.o
 .debug_ranges  0x0000000000000aa0       0x78 Drivers/STM32F0xx_HAL_Driver/Src/stm32f0xx_hal_flash.o
 .debug_ranges  0x0000000000000b18       0x88 Drivers/STM32F0xx_HAL_Driver/Src/stm32f0xx_hal_flash_ex.o
 .debug_ranges  0x0000000000000ba0       0x48 Drivers/STM32F0xx_HAL_Driver/Src/stm32f0xx_hal_gpio.o
 .debug_ranges  0x0000000000000be8      0x278 Drivers/STM32F0xx_HAL_Driver/Src/stm32f0xx_hal_i2c.o
 .debug_ranges  0x0000000000000e60       0x28 Drivers/STM32F0xx_HAL_Driver/Src/stm32f0xx_hal_i2c_ex.o
 .debug_ranges  0x0000000000000e88       0x18 Drivers/STM32F0xx_HAL_Driver/Src/stm32f0xx_hal_iwdg.o
 .debug_ranges  0x0000000000000ea0       0x70 Drivers/STM32F0xx_HAL_Driver/Src/stm32f0xx_hal_rcc.o
 .debug_ranges  0x0000000000000f10       0x20 Drivers/STM32F0xx_HAL_Driver/Src/stm32f0xx_hal_rcc_ex.o
 .debug_ranges  0x0000000000000f30       0x60 NFC/custom_nfc04a1.o
 .debug_ranges  0x0000000000000f90      0x280 NFC/custom_nfc04a1_nfctag.o

.debug_macro    0x0000000000000000     0xd1e1
 .debug_macro   0x0000000000000000      0x1c2 Core/Src/custom_bus.o
 .debug_macro   0x00000000000001c2      0xa48 Core/Src/custom_bus.o
 .debug_macro   0x0000000000000c0a      0x12d Core/Src/custom_bus.o
 .debug_macro   0x0000000000000d37       0x2e Core/Src/custom_bus.o
 .debug_macro   0x0000000000000d65       0x22 Core/Src/custom_bus.o
 .debug_macro   0x0000000000000d87       0x22 Core/Src/custom_bus.o
 .debug_macro   0x0000000000000da9       0x8e Core/Src/custom_bus.o
 .debug_macro   0x0000000000000e37       0x51 Core/Src/custom_bus.o
 .debug_macro   0x0000000000000e88       0xef Core/Src/custom_bus.o
 .debug_macro   0x0000000000000f77       0x6a Core/Src/custom_bus.o
 .debug_macro   0x0000000000000fe1      0x1df Core/Src/custom_bus.o
 .debug_macro   0x00000000000011c0       0x1c Core/Src/custom_bus.o
 .debug_macro   0x00000000000011dc       0x22 Core/Src/custom_bus.o
 .debug_macro   0x00000000000011fe       0xb5 Core/Src/custom_bus.o
 .debug_macro   0x00000000000012b3      0x391 Core/Src/custom_bus.o
 .debug_macro   0x0000000000001644     0x7296 Core/Src/custom_bus.o
 .debug_macro   0x00000000000088da       0x3c Core/Src/custom_bus.o
 .debug_macro   0x0000000000008916      0x174 Core/Src/custom_bus.o
 .debug_macro   0x0000000000008a8a       0x53 Core/Src/custom_bus.o
 .debug_macro   0x0000000000008add      0x924 Core/Src/custom_bus.o
 .debug_macro   0x0000000000009401      0x19b Core/Src/custom_bus.o
 .debug_macro   0x000000000000959c      0x12f Core/Src/custom_bus.o
 .debug_macro   0x00000000000096cb       0xea Core/Src/custom_bus.o
 .debug_macro   0x00000000000097b5      0x1a0 Core/Src/custom_bus.o
 .debug_macro   0x0000000000009955      0x1ed Core/Src/custom_bus.o
 .debug_macro   0x0000000000009b42       0x34 Core/Src/custom_bus.o
 .debug_macro   0x0000000000009b76       0x43 Core/Src/custom_bus.o
 .debug_macro   0x0000000000009bb9       0x28 Core/Src/custom_bus.o
 .debug_macro   0x0000000000009be1       0xb0 Core/Src/custom_bus.o
 .debug_macro   0x0000000000009c91      0x15a Core/Src/custom_bus.o
 .debug_macro   0x0000000000009deb      0x22c Core/Src/custom_bus.o
 .debug_macro   0x000000000000a017       0x5f Core/Src/custom_bus.o
 .debug_macro   0x000000000000a076       0xa5 Core/Src/custom_bus.o
 .debug_macro   0x000000000000a11b       0x85 Core/Src/custom_bus.o
 .debug_macro   0x000000000000a1a0       0x4c Core/Src/custom_bus.o
 .debug_macro   0x000000000000a1ec       0x32 Core/Src/custom_bus.o
 .debug_macro   0x000000000000a21e      0x10b Core/Src/custom_bus.o
 .debug_macro   0x000000000000a329       0x28 Core/Src/custom_bus.o
 .debug_macro   0x000000000000a351       0x82 Core/Src/custom_bus.o
 .debug_macro   0x000000000000a3d3       0x4c Core/Src/custom_bus.o
 .debug_macro   0x000000000000a41f      0x274 Core/Src/main.o
 .debug_macro   0x000000000000a693       0x2e Core/Src/main.o
 .debug_macro   0x000000000000a6c1       0x64 Core/Src/main.o
 .debug_macro   0x000000000000a725       0x2e Core/Src/main.o
 .debug_macro   0x000000000000a753      0x652 Core/Src/main.o
 .debug_macro   0x000000000000ada5       0x4a Core/Src/main.o
 .debug_macro   0x000000000000adef      0x1de Core/Src/stm32f0xx_hal_msp.o
 .debug_macro   0x000000000000afcd      0x1e8 Core/Src/stm32f0xx_it.o
 .debug_macro   0x000000000000b1b5      0x19b Core/Src/system_stm32f0xx.o
 .debug_macro   0x000000000000b350       0x87 Drivers/BSP/Components/ST25DV/st25dv.o
 .debug_macro   0x000000000000b3d7      0x64c Drivers/BSP/Components/ST25DV/st25dv.o
 .debug_macro   0x000000000000ba23       0x51 Drivers/BSP/Components/ST25DV/st25dv.o
 .debug_macro   0x000000000000ba74       0x72 Drivers/BSP/Components/ST25DV/st25dv_reg.o
 .debug_macro   0x000000000000bae6      0x1bf Drivers/STM32F0xx_HAL_Driver/Src/stm32f0xx_hal.o
 .debug_macro   0x000000000000bca5      0x19b Drivers/STM32F0xx_HAL_Driver/Src/stm32f0xx_hal_cortex.o
 .debug_macro   0x000000000000be40      0x19b Drivers/STM32F0xx_HAL_Driver/Src/stm32f0xx_hal_exti.o
 .debug_macro   0x000000000000bfdb      0x19b Drivers/STM32F0xx_HAL_Driver/Src/stm32f0xx_hal_flash.o
 .debug_macro   0x000000000000c176      0x1ad Drivers/STM32F0xx_HAL_Driver/Src/stm32f0xx_hal_flash_ex.o
 .debug_macro   0x000000000000c323      0x1d3 Drivers/STM32F0xx_HAL_Driver/Src/stm32f0xx_hal_gpio.o
 .debug_macro   0x000000000000c4f6      0x260 Drivers/STM32F0xx_HAL_Driver/Src/stm32f0xx_hal_i2c.o
 .debug_macro   0x000000000000c756      0x19b Drivers/STM32F0xx_HAL_Driver/Src/stm32f0xx_hal_i2c_ex.o
 .debug_macro   0x000000000000c8f1      0x1a1 Drivers/STM32F0xx_HAL_Driver/Src/stm32f0xx_hal_iwdg.o
 .debug_macro   0x000000000000ca92      0x1ad Drivers/STM32F0xx_HAL_Driver/Src/stm32f0xx_hal_rcc.o
 .debug_macro   0x000000000000cc3f      0x19b Drivers/STM32F0xx_HAL_Driver/Src/stm32f0xx_hal_rcc_ex.o
 .debug_macro   0x000000000000cdda      0x1f1 NFC/custom_nfc04a1.o
 .debug_macro   0x000000000000cfcb      0x200 NFC/custom_nfc04a1_nfctag.o
 .debug_macro   0x000000000000d1cb       0x16 NFC/custom_nfc04a1_nfctag.o

.debug_line     0x0000000000000000     0xbf77
 .debug_line    0x0000000000000000      0x7a4 Core/Src/custom_bus.o
 .debug_line    0x00000000000007a4      0xa77 Core/Src/main.o
 .debug_line    0x000000000000121b      0x6a2 Core/Src/stm32f0xx_hal_msp.o
 .debug_line    0x00000000000018bd      0x716 Core/Src/stm32f0xx_it.o
 .debug_line    0x0000000000001fd3      0x66c Core/Src/system_stm32f0xx.o
 .debug_line    0x000000000000263f       0x9b Core/Startup/startup_stm32f070f6px.o
 .debug_line    0x00000000000026da      0xc3c Drivers/BSP/Components/ST25DV/st25dv.o
 .debug_line    0x0000000000003316     0x10fb Drivers/BSP/Components/ST25DV/st25dv_reg.o
 .debug_line    0x0000000000004411      0x806 Drivers/STM32F0xx_HAL_Driver/Src/stm32f0xx_hal.o
 .debug_line    0x0000000000004c17      0x81e Drivers/STM32F0xx_HAL_Driver/Src/stm32f0xx_hal_cortex.o
 .debug_line    0x0000000000005435      0x74d Drivers/STM32F0xx_HAL_Driver/Src/stm32f0xx_hal_exti.o
 .debug_line    0x0000000000005b82      0x810 Drivers/STM32F0xx_HAL_Driver/Src/stm32f0xx_hal_flash.o
 .debug_line    0x0000000000006392      0x84e Drivers/STM32F0xx_HAL_Driver/Src/stm32f0xx_hal_flash_ex.o
 .debug_line    0x0000000000006be0      0x7cb Drivers/STM32F0xx_HAL_Driver/Src/stm32f0xx_hal_gpio.o
 .debug_line    0x00000000000073ab     0x19d3 Drivers/STM32F0xx_HAL_Driver/Src/stm32f0xx_hal_i2c.o
 .debug_line    0x0000000000008d7e      0x70e Drivers/STM32F0xx_HAL_Driver/Src/stm32f0xx_hal_i2c_ex.o
 .debug_line    0x000000000000948c      0x683 Drivers/STM32F0xx_HAL_Driver/Src/stm32f0xx_hal_iwdg.o
 .debug_line    0x0000000000009b0f      0x8c7 Drivers/STM32F0xx_HAL_Driver/Src/stm32f0xx_hal_rcc.o
 .debug_line    0x000000000000a3d6      0x74a Drivers/STM32F0xx_HAL_Driver/Src/stm32f0xx_hal_rcc_ex.o
 .debug_line    0x000000000000ab20      0x7a9 NFC/custom_nfc04a1.o
 .debug_line    0x000000000000b2c9      0xcae NFC/custom_nfc04a1_nfctag.o

.debug_str      0x0000000000000000    0x44412
 .debug_str     0x0000000000000000    0x3d11e Core/Src/custom_bus.o
                                      0x3d3e3 (size before relaxing)
 .debug_str     0x000000000003d11e     0x2c44 Core/Src/main.o
                                      0x4003c (size before relaxing)
 .debug_str     0x000000000003fd62       0x2c Core/Src/stm32f0xx_hal_msp.o
                                      0x3d5a2 (size before relaxing)
 .debug_str     0x000000000003fd8e       0xa7 Core/Src/stm32f0xx_it.o
                                      0x3d5db (size before relaxing)
 .debug_str     0x000000000003fe35       0x5f Core/Src/system_stm32f0xx.o
                                      0x3c8e7 (size before relaxing)
 .debug_str     0x000000000003fe94       0x36 Core/Startup/startup_stm32f070f6px.o
                                         0x77 (size before relaxing)
 .debug_str     0x000000000003feca      0xd7c Drivers/BSP/Components/ST25DV/st25dv.o
                                       0x6b1a (size before relaxing)
 .debug_str     0x0000000000040c46      0xdbd Drivers/BSP/Components/ST25DV/st25dv_reg.o
                                       0x67c4 (size before relaxing)
 .debug_str     0x0000000000041a03      0x34b Drivers/STM32F0xx_HAL_Driver/Src/stm32f0xx_hal.o
                                      0x3cdd3 (size before relaxing)
 .debug_str     0x0000000000041d4e      0x216 Drivers/STM32F0xx_HAL_Driver/Src/stm32f0xx_hal_cortex.o
                                      0x3cc87 (size before relaxing)
 .debug_str     0x0000000000041f64      0x1d9 Drivers/STM32F0xx_HAL_Driver/Src/stm32f0xx_hal_exti.o
                                      0x3ca89 (size before relaxing)
 .debug_str     0x000000000004213d      0x275 Drivers/STM32F0xx_HAL_Driver/Src/stm32f0xx_hal_flash.o
                                      0x3cba2 (size before relaxing)
 .debug_str     0x00000000000423b2      0x2ae Drivers/STM32F0xx_HAL_Driver/Src/stm32f0xx_hal_flash_ex.o
                                      0x3ccf5 (size before relaxing)
 .debug_str     0x0000000000042660      0x1da Drivers/STM32F0xx_HAL_Driver/Src/stm32f0xx_hal_gpio.o
                                      0x3cb83 (size before relaxing)
 .debug_str     0x000000000004283a      0xe08 Drivers/STM32F0xx_HAL_Driver/Src/stm32f0xx_hal_i2c.o
                                      0x3db46 (size before relaxing)
 .debug_str     0x0000000000043642       0xc4 Drivers/STM32F0xx_HAL_Driver/Src/stm32f0xx_hal_i2c_ex.o
                                      0x3ce56 (size before relaxing)
 .debug_str     0x0000000000043706       0x75 Drivers/STM32F0xx_HAL_Driver/Src/stm32f0xx_hal_iwdg.o
                                      0x3c94e (size before relaxing)
 .debug_str     0x000000000004377b      0x23e Drivers/STM32F0xx_HAL_Driver/Src/stm32f0xx_hal_rcc.o
                                      0x3ccf1 (size before relaxing)
 .debug_str     0x00000000000439b9       0xb1 Drivers/STM32F0xx_HAL_Driver/Src/stm32f0xx_hal_rcc_ex.o
                                      0x3ca54 (size before relaxing)
 .debug_str     0x0000000000043a6a       0xff NFC/custom_nfc04a1.o
                                      0x3f849 (size before relaxing)
 .debug_str     0x0000000000043b69      0x8a9 NFC/custom_nfc04a1_nfctag.o
                                      0x40641 (size before relaxing)

.comment        0x0000000000000000       0x7b
 .comment       0x0000000000000000       0x7b Core/Src/custom_bus.o
                                         0x7c (size before relaxing)
 .comment       0x000000000000007b       0x7c Core/Src/main.o
 .comment       0x000000000000007b       0x7c Core/Src/stm32f0xx_hal_msp.o
 .comment       0x000000000000007b       0x7c Core/Src/stm32f0xx_it.o
 .comment       0x000000000000007b       0x7c Core/Src/system_stm32f0xx.o
 .comment       0x000000000000007b       0x7c Drivers/BSP/Components/ST25DV/st25dv.o
 .comment       0x000000000000007b       0x7c Drivers/BSP/Components/ST25DV/st25dv_reg.o
 .comment       0x000000000000007b       0x7c Drivers/STM32F0xx_HAL_Driver/Src/stm32f0xx_hal.o
 .comment       0x000000000000007b       0x7c Drivers/STM32F0xx_HAL_Driver/Src/stm32f0xx_hal_cortex.o
 .comment       0x000000000000007b       0x7c Drivers/STM32F0xx_HAL_Driver/Src/stm32f0xx_hal_exti.o
 .comment       0x000000000000007b       0x7c Drivers/STM32F0xx_HAL_Driver/Src/stm32f0xx_hal_flash.o
 .comment       0x000000000000007b       0x7c Drivers/STM32F0xx_HAL_Driver/Src/stm32f0xx_hal_flash_ex.o
 .comment       0x000000000000007b       0x7c Drivers/STM32F0xx_HAL_Driver/Src/stm32f0xx_hal_gpio.o
 .comment       0x000000000000007b       0x7c Drivers/STM32F0xx_HAL_Driver/Src/stm32f0xx_hal_i2c.o
 .comment       0x000000000000007b       0x7c Drivers/STM32F0xx_HAL_Driver/Src/stm32f0xx_hal_i2c_ex.o
 .comment       0x000000000000007b       0x7c Drivers/STM32F0xx_HAL_Driver/Src/stm32f0xx_hal_iwdg.o
 .comment       0x000000000000007b       0x7c Drivers/STM32F0xx_HAL_Driver/Src/stm32f0xx_hal_rcc.o
 .comment       0x000000000000007b       0x7c Drivers/STM32F0xx_HAL_Driver/Src/stm32f0xx_hal_rcc_ex.o
 .comment       0x000000000000007b       0x7c NFC/custom_nfc04a1.o
 .comment       0x000000000000007b       0x7c NFC/custom_nfc04a1_nfctag.o

.debug_frame    0x0000000000000000     0x46a0
 .debug_frame   0x0000000000000000      0x1bc Core/Src/custom_bus.o
 .debug_frame   0x00000000000001bc      0x394 Core/Src/main.o
 .debug_frame   0x0000000000000550       0x30 Core/Src/stm32f0xx_hal_msp.o
 .debug_frame   0x0000000000000580       0xb8 Core/Src/stm32f0xx_it.o
 .debug_frame   0x0000000000000638       0x4c Core/Src/system_stm32f0xx.o
 .debug_frame   0x0000000000000684      0x9f8 Drivers/BSP/Components/ST25DV/st25dv.o
 .debug_frame   0x000000000000107c     0x1218 Drivers/BSP/Components/ST25DV/st25dv_reg.o
 .debug_frame   0x0000000000002294      0x2a4 Drivers/STM32F0xx_HAL_Driver/Src/stm32f0xx_hal.o
 .debug_frame   0x0000000000002538      0x2a0 Drivers/STM32F0xx_HAL_Driver/Src/stm32f0xx_hal_cortex.o
 .debug_frame   0x00000000000027d8      0x130 Drivers/STM32F0xx_HAL_Driver/Src/stm32f0xx_hal_exti.o
 .debug_frame   0x0000000000002908      0x1c4 Drivers/STM32F0xx_HAL_Driver/Src/stm32f0xx_hal_flash.o
 .debug_frame   0x0000000000002acc      0x220 Drivers/STM32F0xx_HAL_Driver/Src/stm32f0xx_hal_flash_ex.o
 .debug_frame   0x0000000000002cec      0x110 Drivers/STM32F0xx_HAL_Driver/Src/stm32f0xx_hal_gpio.o
 .debug_frame   0x0000000000002dfc      0xa00 Drivers/STM32F0xx_HAL_Driver/Src/stm32f0xx_hal_i2c.o
 .debug_frame   0x00000000000037fc       0x90 Drivers/STM32F0xx_HAL_Driver/Src/stm32f0xx_hal_i2c_ex.o
 .debug_frame   0x000000000000388c       0x50 Drivers/STM32F0xx_HAL_Driver/Src/stm32f0xx_hal_iwdg.o
 .debug_frame   0x00000000000038dc      0x198 Drivers/STM32F0xx_HAL_Driver/Src/stm32f0xx_hal_rcc.o
 .debug_frame   0x0000000000003a74       0x70 Drivers/STM32F0xx_HAL_Driver/Src/stm32f0xx_hal_rcc_ex.o
 .debug_frame   0x0000000000003ae4      0x154 NFC/custom_nfc04a1.o
 .debug_frame   0x0000000000003c38      0x9fc NFC/custom_nfc04a1_nfctag.o
 .debug_frame   0x0000000000004634       0x2c c:/st/stm32cubeide_1.0.1/stm32cubeide/plugins/com.st.stm32cube.ide.mcu.externaltools.gnu-tools-for-stm32.7-2018-q2-update.win32_1.0.0.201904181610/tools/bin/../lib/gcc/arm-none-eabi/7.3.1/../../../../arm-none-eabi/lib/thumb/v6-m\libc_nano.a(lib_a-init.o)
 .debug_frame   0x0000000000004660       0x20 c:/st/stm32cubeide_1.0.1/stm32cubeide/plugins/com.st.stm32cube.ide.mcu.externaltools.gnu-tools-for-stm32.7-2018-q2-update.win32_1.0.0.201904181610/tools/bin/../lib/gcc/arm-none-eabi/7.3.1/../../../../arm-none-eabi/lib/thumb/v6-m\libc_nano.a(lib_a-memset.o)
 .debug_frame   0x0000000000004680       0x20 c:/st/stm32cubeide_1.0.1/stm32cubeide/plugins/com.st.stm32cube.ide.mcu.externaltools.gnu-tools-for-stm32.7-2018-q2-update.win32_1.0.0.201904181610/tools/bin/../lib/gcc/arm-none-eabi/7.3.1/thumb/v6-m\libgcc.a(_udivsi3.o)
